21:56:46 **** Incremental Build of configuration Debug for project tractorrabioso_CM7 ****
make -j20 all 
arm-none-eabi-gcc "../Core/Src/main.c" -mcpu=cortex-m7 -std=gnu11 -g3 -DDEBUG -DCORE_CM7 -DUSE_HAL_DRIVER -DSTM32H755xx -c -I../Core/Inc -I../../Drivers/STM32H7xx_HAL_Driver/Inc -I../../Drivers/STM32H7xx_HAL_Driver/Inc/Legacy -I../../Drivers/CMSIS/Device/ST/STM32H7xx/Include -I../../Drivers/CMSIS/Include -O0 -ffunction-sections -fdata-sections -Wall -fstack-usage -MMD -MP -MF"Core/Src/main.d" -MT"Core/Src/main.o" --specs=nano.specs -mfpu=fpv5-d16 -mfloat-abi=hard -mthumb -o "Core/Src/main.o"
../Core/Src/main.c:190:8: warning: 'Turning_SetAngle' defined but not used [-Wunused-function]
  190 |   void Turning_SetAngle(float angle) {
      |        ^~~~~~~~~~~~~~~~
arm-none-eabi-gcc -o "tractorrabioso_CM7.elf" @"objects.list"   -mcpu=cortex-m7 -T"C:\Users\goma4\Desktop\Folder\TEC\CintoSemAgo-Dic2024\DesignofAdvancedEmbeddedSystems-TE2004B.602\Modulo4\ExperimentWirelessInterfacing\STM\tractorrabioso\tractorrabioso\CM7\STM32H755ZITX_FLASH.ld" --specs=nosys.specs -Wl,-Map="tractorrabioso_CM7.map" -Wl,--gc-sections -static -u _printf_float --specs=nano.specs -mfpu=fpv5-d16 -mfloat-abi=hard -mthumb -Wl,--start-group -lc -lm -Wl,--end-group
Finished building target: tractorrabioso_CM7.elf
 
arm-none-eabi-size   tractorrabioso_CM7.elf 
arm-none-eabi-objdump -h -S  tractorrabioso_CM7.elf  > "tractorrabioso_CM7.list"
   text	   data	    bss	    dec	    hex	filename
  51004	    496	   2632	  54132	   d374	tractorrabioso_CM7.elf
Finished building: default.size.stdout
 
Finished building: tractorrabioso_CM7.list
 

21:56:48 Build Finished. 0 errors, 1 warnings. (took 1s.357ms)

