Archive member included to satisfy reference by file (symbol)

c:/st/stm32cubeide_1.10.1/stm32cubeide/plugins/com.st.stm32cube.ide.mcu.externaltools.gnu-tools-for-stm32.10.3-2021.10.win32_1.0.0.202111181127/tools/bin/../lib/gcc/arm-none-eabi/10.3.1/../../../../arm-none-eabi/lib/thumb/v7e-m+dp/hard\libc_nano.a(lib_a-errno.o)
                              ./Core/Src/syscalls.o (__errno)
c:/st/stm32cubeide_1.10.1/stm32cubeide/plugins/com.st.stm32cube.ide.mcu.externaltools.gnu-tools-for-stm32.10.3-2021.10.win32_1.0.0.202111181127/tools/bin/../lib/gcc/arm-none-eabi/10.3.1/../../../../arm-none-eabi/lib/thumb/v7e-m+dp/hard\libc_nano.a(lib_a-exit.o)
                              c:/st/stm32cubeide_1.10.1/stm32cubeide/plugins/com.st.stm32cube.ide.mcu.externaltools.gnu-tools-for-stm32.10.3-2021.10.win32_1.0.0.202111181127/tools/bin/../lib/gcc/arm-none-eabi/10.3.1/../../../../arm-none-eabi/lib/thumb/v7e-m+dp/hard/crt0.o (exit)
c:/st/stm32cubeide_1.10.1/stm32cubeide/plugins/com.st.stm32cube.ide.mcu.externaltools.gnu-tools-for-stm32.10.3-2021.10.win32_1.0.0.202111181127/tools/bin/../lib/gcc/arm-none-eabi/10.3.1/../../../../arm-none-eabi/lib/thumb/v7e-m+dp/hard\libc_nano.a(lib_a-impure.o)
                              c:/st/stm32cubeide_1.10.1/stm32cubeide/plugins/com.st.stm32cube.ide.mcu.externaltools.gnu-tools-for-stm32.10.3-2021.10.win32_1.0.0.202111181127/tools/bin/../lib/gcc/arm-none-eabi/10.3.1/../../../../arm-none-eabi/lib/thumb/v7e-m+dp/hard\libc_nano.a(lib_a-exit.o) (_global_impure_ptr)
c:/st/stm32cubeide_1.10.1/stm32cubeide/plugins/com.st.stm32cube.ide.mcu.externaltools.gnu-tools-for-stm32.10.3-2021.10.win32_1.0.0.202111181127/tools/bin/../lib/gcc/arm-none-eabi/10.3.1/../../../../arm-none-eabi/lib/thumb/v7e-m+dp/hard\libc_nano.a(lib_a-init.o)
                              c:/st/stm32cubeide_1.10.1/stm32cubeide/plugins/com.st.stm32cube.ide.mcu.externaltools.gnu-tools-for-stm32.10.3-2021.10.win32_1.0.0.202111181127/tools/bin/../lib/gcc/arm-none-eabi/10.3.1/../../../../arm-none-eabi/lib/thumb/v7e-m+dp/hard/crt0.o (__libc_init_array)
c:/st/stm32cubeide_1.10.1/stm32cubeide/plugins/com.st.stm32cube.ide.mcu.externaltools.gnu-tools-for-stm32.10.3-2021.10.win32_1.0.0.202111181127/tools/bin/../lib/gcc/arm-none-eabi/10.3.1/../../../../arm-none-eabi/lib/thumb/v7e-m+dp/hard\libc_nano.a(lib_a-memcpy-stub.o)
                              ./Core/Src/MY_NRF24.o (memcpy)
c:/st/stm32cubeide_1.10.1/stm32cubeide/plugins/com.st.stm32cube.ide.mcu.externaltools.gnu-tools-for-stm32.10.3-2021.10.win32_1.0.0.202111181127/tools/bin/../lib/gcc/arm-none-eabi/10.3.1/../../../../arm-none-eabi/lib/thumb/v7e-m+dp/hard\libc_nano.a(lib_a-memset.o)
                              c:/st/stm32cubeide_1.10.1/stm32cubeide/plugins/com.st.stm32cube.ide.mcu.externaltools.gnu-tools-for-stm32.10.3-2021.10.win32_1.0.0.202111181127/tools/bin/../lib/gcc/arm-none-eabi/10.3.1/../../../../arm-none-eabi/lib/thumb/v7e-m+dp/hard/crt0.o (memset)
c:/st/stm32cubeide_1.10.1/stm32cubeide/plugins/com.st.stm32cube.ide.mcu.externaltools.gnu-tools-for-stm32.10.3-2021.10.win32_1.0.0.202111181127/tools/bin/../lib/gcc/arm-none-eabi/10.3.1/../../../../arm-none-eabi/lib/thumb/v7e-m+dp/hard\libc_nano.a(lib_a-nano-vfprintf_float.o)
                              (_printf_float)
c:/st/stm32cubeide_1.10.1/stm32cubeide/plugins/com.st.stm32cube.ide.mcu.externaltools.gnu-tools-for-stm32.10.3-2021.10.win32_1.0.0.202111181127/tools/bin/../lib/gcc/arm-none-eabi/10.3.1/../../../../arm-none-eabi/lib/thumb/v7e-m+dp/hard\libc_nano.a(lib_a-nano-vfprintf_i.o)
                              c:/st/stm32cubeide_1.10.1/stm32cubeide/plugins/com.st.stm32cube.ide.mcu.externaltools.gnu-tools-for-stm32.10.3-2021.10.win32_1.0.0.202111181127/tools/bin/../lib/gcc/arm-none-eabi/10.3.1/../../../../arm-none-eabi/lib/thumb/v7e-m+dp/hard\libc_nano.a(lib_a-nano-vfprintf_float.o) (_printf_common)
c:/st/stm32cubeide_1.10.1/stm32cubeide/plugins/com.st.stm32cube.ide.mcu.externaltools.gnu-tools-for-stm32.10.3-2021.10.win32_1.0.0.202111181127/tools/bin/../lib/gcc/arm-none-eabi/10.3.1/../../../../arm-none-eabi/lib/thumb/v7e-m+dp/hard\libc_nano.a(lib_a-printf.o)
                              ./Core/Src/mpu6050.o (printf)
c:/st/stm32cubeide_1.10.1/stm32cubeide/plugins/com.st.stm32cube.ide.mcu.externaltools.gnu-tools-for-stm32.10.3-2021.10.win32_1.0.0.202111181127/tools/bin/../lib/gcc/arm-none-eabi/10.3.1/../../../../arm-none-eabi/lib/thumb/v7e-m+dp/hard\libc_nano.a(lib_a-sprintf.o)
                              ./Core/Src/MY_NRF24.o (sprintf)
c:/st/stm32cubeide_1.10.1/stm32cubeide/plugins/com.st.stm32cube.ide.mcu.externaltools.gnu-tools-for-stm32.10.3-2021.10.win32_1.0.0.202111181127/tools/bin/../lib/gcc/arm-none-eabi/10.3.1/../../../../arm-none-eabi/lib/thumb/v7e-m+dp/hard\libc_nano.a(lib_a-strlen.o)
                              ./Core/Src/MY_NRF24.o (strlen)
[...]
Memory Configuration

Name             Origin             Length             Attributes
RAM_D1           0x0000000024000000 0x0000000000080000 xrw
FLASH            0x0000000008000000 0x0000000000100000 xr
DTCMRAM          0x0000000020000000 0x0000000000020000 xrw
RAM_D2           0x0000000030000000 0x0000000000048000 xrw
RAM_D3           0x0000000038000000 0x0000000000010000 xrw
ITCMRAM          0x0000000000000000 0x0000000000010000 xrw
*default*        0x0000000000000000 0xffffffffffffffff

Linker script and memory map

LOAD c:/st/stm32cubeide_1.10.1/stm32cubeide/plugins/com.st.stm32cube.ide.mcu.externaltools.gnu-tools-for-stm32.10.3-2021.10.win32_1.0.0.202111181127/tools/bin/../lib/gcc/arm-none-eabi/10.3.1/thumb/v7e-m+dp/hard/crti.o
LOAD c:/st/stm32cubeide_1.10.1/stm32cubeide/plugins/com.st.stm32cube.ide.mcu.externaltools.gnu-tools-for-stm32.10.3-2021.10.win32_1.0.0.202111181127/tools/bin/../lib/gcc/arm-none-eabi/10.3.1/thumb/v7e-m+dp/hard/crtbegin.o
LOAD c:/st/stm32cubeide_1.10.1/stm32cubeide/plugins/com.st.stm32cube.ide.mcu.externaltools.gnu-tools-for-stm32.10.3-2021.10.win32_1.0.0.202111181127/tools/bin/../lib/gcc/arm-none-eabi/10.3.1/../../../../arm-none-eabi/lib/thumb/v7e-m+dp/hard/crt0.o
LOAD ./Common/Src/system_stm32h7xx_dualcore_boot_cm4_cm7.o
LOAD ./Core/Src/MY_NRF24.o
LOAD ./Core/Src/WayPointNotify.o
LOAD ./Core/Src/main.o
LOAD ./Core/Src/mpu6050.o
LOAD ./Core/Src/myprintf.o
LOAD ./Core/Src/steering.o
LOAD ./Core/Src/stm32h7xx_hal_msp.o
LOAD ./Core/Src/stm32h7xx_it.o
LOAD ./Core/Src/syscalls.o
LOAD ./Core/Src/sysmem.o
LOAD ./Core/Startup/startup_stm32h755zitx.o
LOAD ./Drivers/STM32H7xx_HAL_Driver/stm32h7xx_hal.o
LOAD ./Drivers/STM32H7xx_HAL_Driver/stm32h7xx_hal_cortex.o
LOAD ./Drivers/STM32H7xx_HAL_Driver/stm32h7xx_hal_dma.o
LOAD ./Drivers/STM32H7xx_HAL_Driver/stm32h7xx_hal_dma_ex.o
LOAD ./Drivers/STM32H7xx_HAL_Driver/stm32h7xx_hal_exti.o
LOAD ./Drivers/STM32H7xx_HAL_Driver/stm32h7xx_hal_fdcan.o
LOAD ./Drivers/STM32H7xx_HAL_Driver/stm32h7xx_hal_flash.o
LOAD ./Drivers/STM32H7xx_HAL_Driver/stm32h7xx_hal_flash_ex.o
LOAD ./Drivers/STM32H7xx_HAL_Driver/stm32h7xx_hal_gpio.o
LOAD ./Drivers/STM32H7xx_HAL_Driver/stm32h7xx_hal_hsem.o
LOAD ./Drivers/STM32H7xx_HAL_Driver/stm32h7xx_hal_i2c.o
LOAD ./Drivers/STM32H7xx_HAL_Driver/stm32h7xx_hal_i2c_ex.o
LOAD ./Drivers/STM32H7xx_HAL_Driver/stm32h7xx_hal_mdma.o
LOAD ./Drivers/STM32H7xx_HAL_Driver/stm32h7xx_hal_pwr.o
LOAD ./Drivers/STM32H7xx_HAL_Driver/stm32h7xx_hal_pwr_ex.o
LOAD ./Drivers/STM32H7xx_HAL_Driver/stm32h7xx_hal_rcc.o
LOAD ./Drivers/STM32H7xx_HAL_Driver/stm32h7xx_hal_rcc_ex.o
LOAD ./Drivers/STM32H7xx_HAL_Driver/stm32h7xx_hal_spi.o
LOAD ./Drivers/STM32H7xx_HAL_Driver/stm32h7xx_hal_spi_ex.o
LOAD ./Drivers/STM32H7xx_HAL_Driver/stm32h7xx_hal_tim.o
LOAD ./Drivers/STM32H7xx_HAL_Driver/stm32h7xx_hal_tim_ex.o
LOAD ./Drivers/STM32H7xx_HAL_Driver/stm32h7xx_hal_uart.o
LOAD ./Drivers/STM32H7xx_HAL_Driver/stm32h7xx_hal_uart_ex.o
START GROUP
LOAD c:/st/stm32cubeide_1.10.1/stm32cubeide/plugins/com.st.stm32cube.ide.mcu.externaltools.gnu-tools-for-stm32.10.3-2021.10.win32_1.0.0.202111181127/tools/bin/../lib/gcc/arm-none-eabi/10.3.1/../../../../arm-none-eabi/lib/thumb/v7e-m+dp/hard\libc_nano.a
LOAD c:/st/stm32cubeide_1.10.1/stm32cubeide/plugins/com.st.stm32cube.ide.mcu.externaltools.gnu-tools-for-stm32.10.3-2021.10.win32_1.0.0.202111181127/tools/bin/../lib/gcc/arm-none-eabi/10.3.1/../../../../arm-none-eabi/lib/thumb/v7e-m+dp/hard\libm.a
END GROUP
START GROUP
LOAD c:/st/stm32cubeide_1.10.1/stm32cubeide/plugins/com.st.stm32cube.ide.mcu.externaltools.gnu-tools-for-stm32.10.3-2021.10.win32_1.0.0.202111181127/tools/bin/../lib/gcc/arm-none-eabi/10.3.1/thumb/v7e-m+dp/hard\libgcc.a
LOAD c:/st/stm32cubeide_1.10.1/stm32cubeide/plugins/com.st.stm32cube.ide.mcu.externaltools.gnu-tools-for-stm32.10.3-2021.10.win32_1.0.0.202111181127/tools/bin/../lib/gcc/arm-none-eabi/10.3.1/../../../../arm-none-eabi/lib/thumb/v7e-m+dp/hard\libc_nano.a
END GROUP
START GROUP
LOAD c:/st/stm32cubeide_1.10.1/stm32cubeide/plugins/com.st.stm32cube.ide.mcu.externaltools.gnu-tools-for-stm32.10.3-2021.10.win32_1.0.0.202111181127/tools/bin/../lib/gcc/arm-none-eabi/10.3.1/thumb/v7e-m+dp/hard\libgcc.a
LOAD c:/st/stm32cubeide_1.10.1/stm32cubeide/plugins/com.st.stm32cube.ide.mcu.externaltools.gnu-tools-for-stm32.10.3-2021.10.win32_1.0.0.202111181127/tools/bin/../lib/gcc/arm-none-eabi/10.3.1/../../../../arm-none-eabi/lib/thumb/v7e-m+dp/hard\libc_nano.a
LOAD c:/st/stm32cubeide_1.10.1/stm32cubeide/plugins/com.st.stm32cube.ide.mcu.externaltools.gnu-tools-for-stm32.10.3-2021.10.win32_1.0.0.202111181127/tools/bin/../lib/gcc/arm-none-eabi/10.3.1/../../../../arm-none-eabi/lib/thumb/v7e-m+dp/hard\libnosys.a
END GROUP
START GROUP
LOAD c:/st/stm32cubeide_1.10.1/stm32cubeide/plugins/com.st.stm32cube.ide.mcu.externaltools.gnu-tools-for-stm32.10.3-2021.10.win32_1.0.0.202111181127/tools/bin/../lib/gcc/arm-none-eabi/10.3.1/thumb/v7e-m+dp/hard\libgcc.a
LOAD c:/st/stm32cubeide_1.10.1/stm32cubeide/plugins/com.st.stm32cube.ide.mcu.externaltools.gnu-tools-for-stm32.10.3-2021.10.win32_1.0.0.202111181127/tools/bin/../lib/gcc/arm-none-eabi/10.3.1/../../../../arm-none-eabi/lib/thumb/v7e-m+dp/hard\libc_nano.a
LOAD c:/st/stm32cubeide_1.10.1/stm32cubeide/plugins/com.st.stm32cube.ide.mcu.externaltools.gnu-tools-for-stm32.10.3-2021.10.win32_1.0.0.202111181127/tools/bin/../lib/gcc/arm-none-eabi/10.3.1/../../../../arm-none-eabi/lib/thumb/v7e-m+dp/hard\libnosys.a
END GROUP
LOAD c:/st/stm32cubeide_1.10.1/stm32cubeide/plugins/com.st.stm32cube.ide.mcu.externaltools.gnu-tools-for-stm32.10.3-2021.10.win32_1.0.0.202111181127/tools/bin/../lib/gcc/arm-none-eabi/10.3.1/thumb/v7e-m+dp/hard/crtend.o
LOAD c:/st/stm32cubeide_1.10.1/stm32cubeide/plugins/com.st.stm32cube.ide.mcu.externaltools.gnu-tools-for-stm32.10.3-2021.10.win32_1.0.0.202111181127/tools/bin/../lib/gcc/arm-none-eabi/10.3.1/thumb/v7e-m+dp/hard/crtn.o
                0x0000000024080000                _estack = (ORIGIN (RAM_D1) + LENGTH (RAM_D1))
                0x0000000000000200                _Min_Heap_Size = 0x200
                0x0000000000000400                _Min_Stack_Size = 0x400

.isr_vector     0x0000000008000000      0x298
                0x0000000008000000                . = ALIGN (0x4)
 *(.isr_vector)
 .isr_vector    0x0000000008000000      0x298 ./Core/Startup/startup_stm32h755zitx.o
                0x0000000008000000                g_pfnVectors
                0x0000000008000298                . = ALIGN (0x4)

.text           0x00000000080002a0     0xbda8
                0x00000000080002a0                . = ALIGN (0x4)
 *(.text)
 .text          0x00000000080002a0       0x40 c:/st/stm32cubeide_1.10.1/stm32cubeide/plugins/com.st.stm32cube.ide.mcu.externaltools.gnu-tools-for-stm32.10.3-2021.10.win32_1.0.0.202111181127/tools/bin/../lib/gcc/arm-none-eabi/10.3.1/thumb/v7e-m+dp/hard/crtbegin.o
 .text          0x00000000080002e0       0x10 c:/st/stm32cubeide_1.10.1/stm32cubeide/plugins/com.st.stm32cube.ide.mcu.externaltools.gnu-tools-for-stm32.10.3-2021.10.win32_1.0.0.202111181127/tools/bin/../lib/gcc/arm-none-eabi/10.3.1/../../../../arm-none-eabi/lib/thumb/v7e-m+dp/hard\libc_nano.a(lib_a-strlen.o)
                0x00000000080002e0                strlen
 .text          0x00000000080002f0       0xa0 c:/st/stm32cubeide_1.10.1/stm32cubeide/plugins/com.st.stm32cube.ide.mcu.externaltools.gnu-tools-for-stm32.10.3-2021.10.win32_1.0.0.202111181127/tools/bin/../lib/gcc/arm-none-eabi/10.3.1/../../../../arm-none-eabi/lib/thumb/v7e-m+dp/hard\libc_nano.a(lib_a-memchr.o)
                0x00000000080002f0                memchr
 .text          0x0000000008000390       0x30 c:/st/stm32cubeide_1.10.1/stm32cubeide/plugins/com.st.stm32cube.ide.mcu.externaltools.gnu-tools-for-stm32.10.3-2021.10.win32_1.0.0.202111181127/tools/bin/../lib/gcc/arm-none-eabi/10.3.1/thumb/v7e-m+dp/hard\libgcc.a(_aeabi_uldivmod.o)
                0x0000000008000390                __aeabi_uldivmod
 .text          0x00000000080003c0      0x2d0 c:/st/stm32cubeide_1.10.1/stm32cubeide/plugins/com.st.stm32cube.ide.mcu.externaltools.gnu-tools-for-stm32.10.3-2021.10.win32_1.0.0.202111181127/tools/bin/../lib/gcc/arm-none-eabi/10.3.1/thumb/v7e-m+dp/hard\libgcc.a(_udivmoddi4.o)
                0x00000000080003c0                __udivmoddi4
 .text          0x0000000008000690        0x4 c:/st/stm32cubeide_1.10.1/stm32cubeide/plugins/com.st.stm32cube.ide.mcu.externaltools.gnu-tools-for-stm32.10.3-2021.10.win32_1.0.0.202111181127/tools/bin/../lib/gcc/arm-none-eabi/10.3.1/thumb/v7e-m+dp/hard\libgcc.a(_dvmd_tls.o)
                0x0000000008000690                __aeabi_idiv0
                0x0000000008000690                __aeabi_ldiv0
 *(.text*)
 .text.SystemInit
                0x0000000008000694      0x12c ./Common/Src/system_stm32h7xx_dualcore_boot_cm4_cm7.o
                0x0000000008000694                SystemInit
 .text.NRF24_DelayMicroSeconds
                0x00000000080007c0       0x44 ./Core/Src/MY_NRF24.o
                0x00000000080007c0                NRF24_DelayMicroSeconds
 .text.NRF24_csn
                0x0000000008000804       0x40 ./Core/Src/MY_NRF24.o
                0x0000000008000804                NRF24_csn
 .text.NRF24_ce
                0x0000000008000844       0x40 ./Core/Src/MY_NRF24.o
                0x0000000008000844                NRF24_ce
 .text.NRF24_read_register
                0x0000000008000884       0x50 ./Core/Src/MY_NRF24.o
                0x0000000008000884                NRF24_read_register
 .text.NRF24_read_registerN
                0x00000000080008d4       0x50 ./Core/Src/MY_NRF24.o
                0x00000000080008d4                NRF24_read_registerN
 .text.NRF24_write_register
                0x0000000008000924       0x44 ./Core/Src/MY_NRF24.o
                0x0000000008000924                NRF24_write_register
 .text.NRF24_write_registerN
                0x0000000008000968       0x50 ./Core/Src/MY_NRF24.o
                0x0000000008000968                NRF24_write_registerN
 .text.NRF24_flush_tx
                0x00000000080009b8       0x10 ./Core/Src/MY_NRF24.o
                0x00000000080009b8                NRF24_flush_tx
 .text.NRF24_flush_rx
                0x00000000080009c8       0x10 ./Core/Src/MY_NRF24.o
                0x00000000080009c8                NRF24_flush_rx
 .text.NRF24_begin
                0x00000000080009d8      0x1c0 ./Core/Src/MY_NRF24.o
                0x00000000080009d8                NRF24_begin
 .text.NRF24_startListening
                0x0000000008000b98       0x4c ./Core/Src/MY_NRF24.o
                0x0000000008000b98                NRF24_startListening
 .text.NRF24_openReadingPipe
                0x0000000008000be4       0x9c ./Core/Src/MY_NRF24.o
                0x0000000008000be4                NRF24_openReadingPipe
 .text.NRF24_setRetries
                0x0000000008000c80       0x36 ./Core/Src/MY_NRF24.o
                0x0000000008000c80                NRF24_setRetries
 .text.NRF24_setChannel
                0x0000000008000cb6       0x2a ./Core/Src/MY_NRF24.o
                0x0000000008000cb6                NRF24_setChannel
 .text.NRF24_setPayloadSize
                0x0000000008000ce0       0x30 ./Core/Src/MY_NRF24.o
                0x0000000008000ce0                NRF24_setPayloadSize
 .text.NRF24_disableDynamicPayloads
                0x0000000008000d10       0x30 ./Core/Src/MY_NRF24.o
                0x0000000008000d10                NRF24_disableDynamicPayloads
 .text.NRF24_setAutoAck
                0x0000000008000d40       0x2a ./Core/Src/MY_NRF24.o
                0x0000000008000d40                NRF24_setAutoAck
 .text.NRF24_setPALevel
                0x0000000008000d6a       0x72 ./Core/Src/MY_NRF24.o
                0x0000000008000d6a                NRF24_setPALevel
 .text.NRF24_setDataRate
                0x0000000008000ddc       0x8c ./Core/Src/MY_NRF24.o
                0x0000000008000ddc                NRF24_setDataRate
 .text.NRF24_setCRCLength
                0x0000000008000e68       0x50 ./Core/Src/MY_NRF24.o
                0x0000000008000e68                NRF24_setCRCLength
 .text.NRF24_powerDown
                0x0000000008000eb8       0x1e ./Core/Src/MY_NRF24.o
                0x0000000008000eb8                NRF24_powerDown
 .text.NRF24_resetStatus
                0x0000000008000ed6       0x10 ./Core/Src/MY_NRF24.o
                0x0000000008000ed6                NRF24_resetStatus
 *fill*         0x0000000008000ee6        0x2 
 .text.NRF24_ACTIVATE_cmd
                0x0000000008000ee8       0x34 ./Core/Src/MY_NRF24.o
                0x0000000008000ee8                NRF24_ACTIVATE_cmd
 .text.printRadioSettings
                0x0000000008000f1c      0x850 ./Core/Src/MY_NRF24.o
                0x0000000008000f1c                printRadioSettings
 *fill*         0x000000000800176c        0x4 
 .text.main     0x0000000008001770      0x208 ./Core/Src/main.o
                0x0000000008001770                main
 .text.SystemClock_Config
                0x0000000008001978      0x110 ./Core/Src/main.o
                0x0000000008001978                SystemClock_Config
 .text.MX_FDCAN1_Init
                0x0000000008001a88      0x168 ./Core/Src/main.o
 .text.MX_I2C4_Init
                0x0000000008001bf0       0x80 ./Core/Src/main.o
 .text.MX_SPI5_Init
                0x0000000008001c70       0xac ./Core/Src/main.o
 .text.MX_TIM15_Init
                0x0000000008001d1c      0x10c ./Core/Src/main.o
 .text.MX_USART3_UART_Init
                0x0000000008001e28       0x98 ./Core/Src/main.o
 .text.MX_GPIO_Init
                0x0000000008001ec0      0x174 ./Core/Src/main.o
 .text.Error_Handler
                0x0000000008002034        0xa ./Core/Src/main.o
                0x0000000008002034                Error_Handler
 *fill*         0x000000000800203e        0x2 
 .text.__io_putchar
                0x0000000008002040       0x24 ./Core/Src/myprintf.o
                0x0000000008002040                __io_putchar
 .text.HAL_MspInit
                0x0000000008002064       0x34 ./Core/Src/stm32h7xx_hal_msp.o
                0x0000000008002064                HAL_MspInit
 .text.HAL_FDCAN_MspInit
                0x0000000008002098       0xcc ./Core/Src/stm32h7xx_hal_msp.o
                0x0000000008002098                HAL_FDCAN_MspInit
 .text.HAL_I2C_MspInit
                0x0000000008002164       0xf0 ./Core/Src/stm32h7xx_hal_msp.o
                0x0000000008002164                HAL_I2C_MspInit
 .text.HAL_SPI_MspInit
                0x0000000008002254       0xcc ./Core/Src/stm32h7xx_hal_msp.o
                0x0000000008002254                HAL_SPI_MspInit
 .text.HAL_TIM_PWM_MspInit
                0x0000000008002320       0x44 ./Core/Src/stm32h7xx_hal_msp.o
                0x0000000008002320                HAL_TIM_PWM_MspInit
 .text.HAL_TIM_MspPostInit
                0x0000000008002364       0x74 ./Core/Src/stm32h7xx_hal_msp.o
                0x0000000008002364                HAL_TIM_MspPostInit
 .text.HAL_UART_MspInit
                0x00000000080023d8       0xcc ./Core/Src/stm32h7xx_hal_msp.o
                0x00000000080023d8                HAL_UART_MspInit
 .text.NMI_Handler
                0x00000000080024a4        0x6 ./Core/Src/stm32h7xx_it.o
                0x00000000080024a4                NMI_Handler
 .text.HardFault_Handler
                0x00000000080024aa        0x6 ./Core/Src/stm32h7xx_it.o
                0x00000000080024aa                HardFault_Handler
 .text.MemManage_Handler
                0x00000000080024b0        0x6 ./Core/Src/stm32h7xx_it.o
                0x00000000080024b0                MemManage_Handler
 .text.BusFault_Handler
                0x00000000080024b6        0x6 ./Core/Src/stm32h7xx_it.o
                0x00000000080024b6                BusFault_Handler
 .text.UsageFault_Handler
                0x00000000080024bc        0x6 ./Core/Src/stm32h7xx_it.o
                0x00000000080024bc                UsageFault_Handler
 .text.SVC_Handler
                0x00000000080024c2        0xe ./Core/Src/stm32h7xx_it.o
                0x00000000080024c2                SVC_Handler
 .text.DebugMon_Handler
                0x00000000080024d0        0xe ./Core/Src/stm32h7xx_it.o
                0x00000000080024d0                DebugMon_Handler
 .text.PendSV_Handler
                0x00000000080024de        0xe ./Core/Src/stm32h7xx_it.o
                0x00000000080024de                PendSV_Handler
 .text.SysTick_Handler
                0x00000000080024ec       0x24 ./Core/Src/stm32h7xx_it.o
                0x00000000080024ec                SysTick_Handler
 .text.TIM15_IRQHandler
                0x0000000008002510       0x14 ./Core/Src/stm32h7xx_it.o
                0x0000000008002510                TIM15_IRQHandler
 .text._getpid  0x0000000008002524       0x10 ./Core/Src/syscalls.o
                0x0000000008002524                _getpid
 .text._kill    0x0000000008002534       0x20 ./Core/Src/syscalls.o
                0x0000000008002534                _kill
 .text._exit    0x0000000008002554       0x14 ./Core/Src/syscalls.o
                0x0000000008002554                _exit
 .text._read    0x0000000008002568       0x3a ./Core/Src/syscalls.o
                0x0000000008002568                _read
 .text._write   0x00000000080025a2       0x38 ./Core/Src/syscalls.o
                0x00000000080025a2                _write
 .text._close   0x00000000080025da       0x18 ./Core/Src/syscalls.o
                0x00000000080025da                _close
 .text._fstat   0x00000000080025f2       0x20 ./Core/Src/syscalls.o
                0x00000000080025f2                _fstat
 .text._isatty  0x0000000008002612       0x16 ./Core/Src/syscalls.o
                0x0000000008002612                _isatty
 .text._lseek   0x0000000008002628       0x1a ./Core/Src/syscalls.o
                0x0000000008002628                _lseek
 *fill*         0x0000000008002642        0x2 
 .text._sbrk    0x0000000008002644       0x6c ./Core/Src/sysmem.o
                0x0000000008002644                _sbrk
 .text.Reset_Handler
                0x00000000080026b0       0x50 ./Core/Startup/startup_stm32h755zitx.o
                0x00000000080026b0                Reset_Handler
 .text.Default_Handler
                0x0000000008002700        0x2 ./Core/Startup/startup_stm32h755zitx.o
                0x0000000008002700                RTC_Alarm_IRQHandler
                0x0000000008002700                HASH_RNG_IRQHandler
                0x0000000008002700                EXTI2_IRQHandler
                0x0000000008002700                TIM8_CC_IRQHandler
                0x0000000008002700                HRTIM1_Master_IRQHandler
                0x0000000008002700                UART8_IRQHandler
                0x0000000008002700                SPI4_IRQHandler
                0x0000000008002700                TIM1_CC_IRQHandler
                0x0000000008002700                BDMA_Channel6_IRQHandler
                0x0000000008002700                DMA2_Stream5_IRQHandler
                0x0000000008002700                HRTIM1_FLT_IRQHandler
                0x0000000008002700                JPEG_IRQHandler
                0x0000000008002700                DMA1_Stream5_IRQHandler
                0x0000000008002700                BDMA_Channel1_IRQHandler
                0x0000000008002700                HRTIM1_TIMD_IRQHandler
                0x0000000008002700                TAMP_STAMP_IRQHandler
                0x0000000008002700                EXTI3_IRQHandler
                0x0000000008002700                LPTIM4_IRQHandler
                0x0000000008002700                TIM8_TRG_COM_TIM14_IRQHandler
                0x0000000008002700                LPTIM2_IRQHandler
                0x0000000008002700                DFSDM1_FLT1_IRQHandler
                0x0000000008002700                DMAMUX2_OVR_IRQHandler
                0x0000000008002700                TIM8_UP_TIM13_IRQHandler
                0x0000000008002700                I2C3_ER_IRQHandler
                0x0000000008002700                DFSDM1_FLT2_IRQHandler
                0x0000000008002700                MDMA_IRQHandler
                0x0000000008002700                LPTIM3_IRQHandler
                0x0000000008002700                HSEM1_IRQHandler
                0x0000000008002700                EXTI0_IRQHandler
                0x0000000008002700                I2C2_EV_IRQHandler
                0x0000000008002700                DMA1_Stream2_IRQHandler
                0x0000000008002700                FPU_IRQHandler
                0x0000000008002700                OTG_HS_WKUP_IRQHandler
                0x0000000008002700                FDCAN1_IT1_IRQHandler
                0x0000000008002700                LTDC_ER_IRQHandler
                0x0000000008002700                DMA2_Stream2_IRQHandler
                0x0000000008002700                HRTIM1_TIME_IRQHandler
                0x0000000008002700                SPI1_IRQHandler
                0x0000000008002700                TIM6_DAC_IRQHandler
                0x0000000008002700                DCMI_IRQHandler
                0x0000000008002700                HRTIM1_TIMC_IRQHandler
                0x0000000008002700                DMA2_Stream3_IRQHandler
                0x0000000008002700                SAI2_IRQHandler
                0x0000000008002700                DFSDM1_FLT3_IRQHandler
                0x0000000008002700                USART6_IRQHandler
                0x0000000008002700                TIM17_IRQHandler
                0x0000000008002700                USART3_IRQHandler
                0x0000000008002700                BDMA_Channel7_IRQHandler
                0x0000000008002700                CRYP_IRQHandler
                0x0000000008002700                LPTIM5_IRQHandler
                0x0000000008002700                UART5_IRQHandler
                0x0000000008002700                ADC3_IRQHandler
                0x0000000008002700                DMA2_Stream0_IRQHandler
                0x0000000008002700                TIM4_IRQHandler
                0x0000000008002700                BDMA_Channel2_IRQHandler
                0x0000000008002700                QUADSPI_IRQHandler
                0x0000000008002700                I2C1_EV_IRQHandler
                0x0000000008002700                DMA1_Stream6_IRQHandler
                0x0000000008002700                DMAMUX1_OVR_IRQHandler
                0x0000000008002700                DMA1_Stream1_IRQHandler
                0x0000000008002700                TIM16_IRQHandler
                0x0000000008002700                UART4_IRQHandler
                0x0000000008002700                BDMA_Channel5_IRQHandler
                0x0000000008002700                TIM3_IRQHandler
                0x0000000008002700                RCC_IRQHandler
                0x0000000008002700                TIM8_BRK_TIM12_IRQHandler
                0x0000000008002700                TIM1_TRG_COM_IRQHandler
                0x0000000008002700                Default_Handler
                0x0000000008002700                ECC_IRQHandler
                0x0000000008002700                CEC_IRQHandler
                0x0000000008002700                EXTI15_10_IRQHandler
                0x0000000008002700                BDMA_Channel0_IRQHandler
                0x0000000008002700                ADC_IRQHandler
                0x0000000008002700                DMA1_Stream7_IRQHandler
                0x0000000008002700                HRTIM1_TIMA_IRQHandler
                0x0000000008002700                SPI5_IRQHandler
                0x0000000008002700                TIM7_IRQHandler
                0x0000000008002700                SDMMC1_IRQHandler
                0x0000000008002700                TIM5_IRQHandler
                0x0000000008002700                DMA2_Stream7_IRQHandler
                0x0000000008002700                PVD_AVD_IRQHandler
                0x0000000008002700                I2C3_EV_IRQHandler
                0x0000000008002700                EXTI9_5_IRQHandler
                0x0000000008002700                RTC_WKUP_IRQHandler
                0x0000000008002700                LTDC_IRQHandler
                0x0000000008002700                SAI3_IRQHandler
                0x0000000008002700                ETH_WKUP_IRQHandler
                0x0000000008002700                SPDIF_RX_IRQHandler
                0x0000000008002700                SPI2_IRQHandler
                0x0000000008002700                OTG_HS_EP1_IN_IRQHandler
                0x0000000008002700                DMA1_Stream0_IRQHandler
                0x0000000008002700                CRS_IRQHandler
                0x0000000008002700                CM7_SEV_IRQHandler
                0x0000000008002700                EXTI4_IRQHandler
                0x0000000008002700                CM4_SEV_IRQHandler
                0x0000000008002700                HRTIM1_TIMB_IRQHandler
                0x0000000008002700                FDCAN2_IT1_IRQHandler
                0x0000000008002700                ETH_IRQHandler
                0x0000000008002700                TIM1_UP_IRQHandler
                0x0000000008002700                WWDG_RST_IRQHandler
                0x0000000008002700                BDMA_Channel4_IRQHandler
                0x0000000008002700                OTG_HS_EP1_OUT_IRQHandler
                0x0000000008002700                WWDG_IRQHandler
                0x0000000008002700                SPI6_IRQHandler
                0x0000000008002700                MDIOS_IRQHandler
                0x0000000008002700                I2C4_EV_IRQHandler
                0x0000000008002700                FDCAN2_IT0_IRQHandler
                0x0000000008002700                LPUART1_IRQHandler
                0x0000000008002700                FDCAN1_IT0_IRQHandler
                0x0000000008002700                TIM2_IRQHandler
                0x0000000008002700                OTG_FS_WKUP_IRQHandler
                0x0000000008002700                OTG_HS_IRQHandler
                0x0000000008002700                HSEM2_IRQHandler
                0x0000000008002700                DMA2D_IRQHandler
                0x0000000008002700                TIM1_BRK_IRQHandler
                0x0000000008002700                EXTI1_IRQHandler
                0x0000000008002700                SDMMC2_IRQHandler
                0x0000000008002700                OTG_FS_EP1_OUT_IRQHandler
                0x0000000008002700                BDMA_Channel3_IRQHandler
                0x0000000008002700                HOLD_CORE_IRQHandler
                0x0000000008002700                UART7_IRQHandler
                0x0000000008002700                MDIOS_WKUP_IRQHandler
                0x0000000008002700                USART2_IRQHandler
                0x0000000008002700                DFSDM1_FLT0_IRQHandler
                0x0000000008002700                SAI4_IRQHandler
                0x0000000008002700                I2C2_ER_IRQHandler
                0x0000000008002700                DMA2_Stream1_IRQHandler
                0x0000000008002700                FLASH_IRQHandler
                0x0000000008002700                DMA2_Stream4_IRQHandler
                0x0000000008002700                USART1_IRQHandler
                0x0000000008002700                OTG_FS_IRQHandler
                0x0000000008002700                SPI3_IRQHandler
                0x0000000008002700                WAKEUP_PIN_IRQHandler
                0x0000000008002700                DMA1_Stream4_IRQHandler
                0x0000000008002700                OTG_FS_EP1_IN_IRQHandler
                0x0000000008002700                I2C1_ER_IRQHandler
                0x0000000008002700                FMC_IRQHandler
                0x0000000008002700                FDCAN_CAL_IRQHandler
                0x0000000008002700                SWPMI1_IRQHandler
                0x0000000008002700                COMP1_IRQHandler
                0x0000000008002700                LPTIM1_IRQHandler
                0x0000000008002700                I2C4_ER_IRQHandler
                0x0000000008002700                DMA2_Stream6_IRQHandler
                0x0000000008002700                SAI1_IRQHandler
                0x0000000008002700                DMA1_Stream3_IRQHandler
 *fill*         0x0000000008002702        0x2 
 .text.HAL_Init
                0x0000000008002704       0x78 ./Drivers/STM32H7xx_HAL_Driver/stm32h7xx_hal.o
                0x0000000008002704                HAL_Init
 .text.HAL_InitTick
                0x000000000800277c       0x6c ./Drivers/STM32H7xx_HAL_Driver/stm32h7xx_hal.o
                0x000000000800277c                HAL_InitTick
 .text.HAL_IncTick
                0x00000000080027e8       0x28 ./Drivers/STM32H7xx_HAL_Driver/stm32h7xx_hal.o
                0x00000000080027e8                HAL_IncTick
 .text.HAL_GetTick
                0x0000000008002810       0x18 ./Drivers/STM32H7xx_HAL_Driver/stm32h7xx_hal.o
                0x0000000008002810                HAL_GetTick
 .text.HAL_Delay
                0x0000000008002828       0x48 ./Drivers/STM32H7xx_HAL_Driver/stm32h7xx_hal.o
                0x0000000008002828                HAL_Delay
 .text.HAL_GetREVID
                0x0000000008002870       0x18 ./Drivers/STM32H7xx_HAL_Driver/stm32h7xx_hal.o
                0x0000000008002870                HAL_GetREVID
 .text.__NVIC_SetPriorityGrouping
                0x0000000008002888       0x48 ./Drivers/STM32H7xx_HAL_Driver/stm32h7xx_hal_cortex.o
 .text.__NVIC_GetPriorityGrouping
                0x00000000080028d0       0x1c ./Drivers/STM32H7xx_HAL_Driver/stm32h7xx_hal_cortex.o
 .text.__NVIC_SetPriority
                0x00000000080028ec       0x54 ./Drivers/STM32H7xx_HAL_Driver/stm32h7xx_hal_cortex.o
 .text.NVIC_EncodePriority
                0x0000000008002940       0x66 ./Drivers/STM32H7xx_HAL_Driver/stm32h7xx_hal_cortex.o
 *fill*         0x00000000080029a6        0x2 
 .text.SysTick_Config
                0x00000000080029a8       0x44 ./Drivers/STM32H7xx_HAL_Driver/stm32h7xx_hal_cortex.o
 .text.HAL_NVIC_SetPriorityGrouping
                0x00000000080029ec       0x16 ./Drivers/STM32H7xx_HAL_Driver/stm32h7xx_hal_cortex.o
                0x00000000080029ec                HAL_NVIC_SetPriorityGrouping
 .text.HAL_NVIC_SetPriority
                0x0000000008002a02       0x34 ./Drivers/STM32H7xx_HAL_Driver/stm32h7xx_hal_cortex.o
                0x0000000008002a02                HAL_NVIC_SetPriority
 .text.HAL_SYSTICK_Config
                0x0000000008002a36       0x18 ./Drivers/STM32H7xx_HAL_Driver/stm32h7xx_hal_cortex.o
                0x0000000008002a36                HAL_SYSTICK_Config
 *fill*         0x0000000008002a4e        0x2 
 .text.HAL_FDCAN_Init
                0x0000000008002a50      0x3bc ./Drivers/STM32H7xx_HAL_Driver/stm32h7xx_hal_fdcan.o
                0x0000000008002a50                HAL_FDCAN_Init
 .text.HAL_FDCAN_ConfigFilter
                0x0000000008002e0c       0xec ./Drivers/STM32H7xx_HAL_Driver/stm32h7xx_hal_fdcan.o
                0x0000000008002e0c                HAL_FDCAN_ConfigFilter
 .text.HAL_FDCAN_ConfigGlobalFilter
                0x0000000008002ef8       0x5a ./Drivers/STM32H7xx_HAL_Driver/stm32h7xx_hal_fdcan.o
                0x0000000008002ef8                HAL_FDCAN_ConfigGlobalFilter
 .text.HAL_FDCAN_Start
                0x0000000008002f52       0x56 ./Drivers/STM32H7xx_HAL_Driver/stm32h7xx_hal_fdcan.o
                0x0000000008002f52                HAL_FDCAN_Start
 .text.HAL_FDCAN_ActivateNotification
                0x0000000008002fa8       0xf4 ./Drivers/STM32H7xx_HAL_Driver/stm32h7xx_hal_fdcan.o
                0x0000000008002fa8                HAL_FDCAN_ActivateNotification
 .text.FDCAN_CalcultateRamBlockAddresses
                0x000000000800309c      0x30c ./Drivers/STM32H7xx_HAL_Driver/stm32h7xx_hal_fdcan.o
 .text.HAL_GPIO_Init
                0x00000000080033a8      0x360 ./Drivers/STM32H7xx_HAL_Driver/stm32h7xx_hal_gpio.o
                0x00000000080033a8                HAL_GPIO_Init
 .text.HAL_GPIO_WritePin
                0x0000000008003708       0x32 ./Drivers/STM32H7xx_HAL_Driver/stm32h7xx_hal_gpio.o
                0x0000000008003708                HAL_GPIO_WritePin
 *fill*         0x000000000800373a        0x2 
 .text.HAL_HSEM_FastTake
                0x000000000800373c       0x34 ./Drivers/STM32H7xx_HAL_Driver/stm32h7xx_hal_hsem.o
                0x000000000800373c                HAL_HSEM_FastTake
 .text.HAL_HSEM_Release
                0x0000000008003770       0x28 ./Drivers/STM32H7xx_HAL_Driver/stm32h7xx_hal_hsem.o
                0x0000000008003770                HAL_HSEM_Release
 .text.HAL_I2C_Init
                0x0000000008003798      0x120 ./Drivers/STM32H7xx_HAL_Driver/stm32h7xx_hal_i2c.o
                0x0000000008003798                HAL_I2C_Init
 .text.HAL_I2CEx_ConfigAnalogFilter
                0x00000000080038b8       0x96 ./Drivers/STM32H7xx_HAL_Driver/stm32h7xx_hal_i2c_ex.o
                0x00000000080038b8                HAL_I2CEx_ConfigAnalogFilter
 .text.HAL_I2CEx_ConfigDigitalFilter
                0x000000000800394e       0x98 ./Drivers/STM32H7xx_HAL_Driver/stm32h7xx_hal_i2c_ex.o
                0x000000000800394e                HAL_I2CEx_ConfigDigitalFilter
 *fill*         0x00000000080039e6        0x2 
 .text.HAL_PWREx_ConfigSupply
                0x00000000080039e8       0xb4 ./Drivers/STM32H7xx_HAL_Driver/stm32h7xx_hal_pwr_ex.o
                0x00000000080039e8                HAL_PWREx_ConfigSupply
 .text.HAL_RCC_OscConfig
                0x0000000008003a9c      0x85c ./Drivers/STM32H7xx_HAL_Driver/stm32h7xx_hal_rcc.o
                0x0000000008003a9c                HAL_RCC_OscConfig
 .text.HAL_RCC_ClockConfig
                0x00000000080042f8      0x36c ./Drivers/STM32H7xx_HAL_Driver/stm32h7xx_hal_rcc.o
                0x00000000080042f8                HAL_RCC_ClockConfig
 .text.HAL_RCC_GetSysClockFreq
                0x0000000008004664      0x2f4 ./Drivers/STM32H7xx_HAL_Driver/stm32h7xx_hal_rcc.o
                0x0000000008004664                HAL_RCC_GetSysClockFreq
 .text.HAL_RCC_GetHCLKFreq
                0x0000000008004958       0x60 ./Drivers/STM32H7xx_HAL_Driver/stm32h7xx_hal_rcc.o
                0x0000000008004958                HAL_RCC_GetHCLKFreq
 .text.HAL_RCC_GetPCLK1Freq
                0x00000000080049b8       0x2c ./Drivers/STM32H7xx_HAL_Driver/stm32h7xx_hal_rcc.o
                0x00000000080049b8                HAL_RCC_GetPCLK1Freq
 .text.HAL_RCC_GetPCLK2Freq
                0x00000000080049e4       0x2c ./Drivers/STM32H7xx_HAL_Driver/stm32h7xx_hal_rcc.o
                0x00000000080049e4                HAL_RCC_GetPCLK2Freq
 .text.HAL_RCCEx_PeriphCLKConfig
                0x0000000008004a10      0xe8c ./Drivers/STM32H7xx_HAL_Driver/stm32h7xx_hal_rcc_ex.o
                0x0000000008004a10                HAL_RCCEx_PeriphCLKConfig
 .text.HAL_RCCEx_GetD3PCLK1Freq
                0x000000000800589c       0x2c ./Drivers/STM32H7xx_HAL_Driver/stm32h7xx_hal_rcc_ex.o
                0x000000000800589c                HAL_RCCEx_GetD3PCLK1Freq
 .text.HAL_RCCEx_GetPLL2ClockFreq
                0x00000000080058c8      0x2a8 ./Drivers/STM32H7xx_HAL_Driver/stm32h7xx_hal_rcc_ex.o
                0x00000000080058c8                HAL_RCCEx_GetPLL2ClockFreq
 .text.HAL_RCCEx_GetPLL3ClockFreq
                0x0000000008005b70      0x2a8 ./Drivers/STM32H7xx_HAL_Driver/stm32h7xx_hal_rcc_ex.o
                0x0000000008005b70                HAL_RCCEx_GetPLL3ClockFreq
 .text.RCCEx_PLL2_Config
                0x0000000008005e18      0x164 ./Drivers/STM32H7xx_HAL_Driver/stm32h7xx_hal_rcc_ex.o
 .text.RCCEx_PLL3_Config
                0x0000000008005f7c      0x164 ./Drivers/STM32H7xx_HAL_Driver/stm32h7xx_hal_rcc_ex.o
 .text.HAL_SPI_Init
                0x00000000080060e0      0x20c ./Drivers/STM32H7xx_HAL_Driver/stm32h7xx_hal_spi.o
                0x00000000080060e0                HAL_SPI_Init
 .text.HAL_SPI_Transmit
                0x00000000080062ec      0x3e4 ./Drivers/STM32H7xx_HAL_Driver/stm32h7xx_hal_spi.o
                0x00000000080062ec                HAL_SPI_Transmit
 .text.HAL_SPI_Receive
                0x00000000080066d0      0x338 ./Drivers/STM32H7xx_HAL_Driver/stm32h7xx_hal_spi.o
                0x00000000080066d0                HAL_SPI_Receive
 .text.HAL_SPI_TransmitReceive
                0x0000000008006a08      0x450 ./Drivers/STM32H7xx_HAL_Driver/stm32h7xx_hal_spi.o
                0x0000000008006a08                HAL_SPI_TransmitReceive
 .text.SPI_CloseTransfer
                0x0000000008006e58      0x140 ./Drivers/STM32H7xx_HAL_Driver/stm32h7xx_hal_spi.o
 .text.SPI_WaitOnFlagUntilTimeout
                0x0000000008006f98       0x5c ./Drivers/STM32H7xx_HAL_Driver/stm32h7xx_hal_spi.o
 .text.SPI_GetPacketSize
                0x0000000008006ff4       0x36 ./Drivers/STM32H7xx_HAL_Driver/stm32h7xx_hal_spi.o
 .text.HAL_TIM_PWM_Init
                0x000000000800702a       0xae ./Drivers/STM32H7xx_HAL_Driver/stm32h7xx_hal_tim.o
                0x000000000800702a                HAL_TIM_PWM_Init
 .text.HAL_TIM_PWM_Start
                0x00000000080070d8      0x21c ./Drivers/STM32H7xx_HAL_Driver/stm32h7xx_hal_tim.o
                0x00000000080070d8                HAL_TIM_PWM_Start
 .text.HAL_TIM_IRQHandler
                0x00000000080072f4      0x23e ./Drivers/STM32H7xx_HAL_Driver/stm32h7xx_hal_tim.o
                0x00000000080072f4                HAL_TIM_IRQHandler
 *fill*         0x0000000008007532        0x2 
 .text.HAL_TIM_PWM_ConfigChannel
                0x0000000008007534      0x228 ./Drivers/STM32H7xx_HAL_Driver/stm32h7xx_hal_tim.o
                0x0000000008007534                HAL_TIM_PWM_ConfigChannel
 .text.HAL_TIM_PeriodElapsedCallback
                0x000000000800775c       0x14 ./Drivers/STM32H7xx_HAL_Driver/stm32h7xx_hal_tim.o
                0x000000000800775c                HAL_TIM_PeriodElapsedCallback
 .text.HAL_TIM_OC_DelayElapsedCallback
                0x0000000008007770       0x14 ./Drivers/STM32H7xx_HAL_Driver/stm32h7xx_hal_tim.o
                0x0000000008007770                HAL_TIM_OC_DelayElapsedCallback
 .text.HAL_TIM_IC_CaptureCallback
                0x0000000008007784       0x14 ./Drivers/STM32H7xx_HAL_Driver/stm32h7xx_hal_tim.o
                0x0000000008007784                HAL_TIM_IC_CaptureCallback
 .text.HAL_TIM_PWM_PulseFinishedCallback
                0x0000000008007798       0x14 ./Drivers/STM32H7xx_HAL_Driver/stm32h7xx_hal_tim.o
                0x0000000008007798                HAL_TIM_PWM_PulseFinishedCallback
 .text.HAL_TIM_TriggerCallback
                0x00000000080077ac       0x14 ./Drivers/STM32H7xx_HAL_Driver/stm32h7xx_hal_tim.o
                0x00000000080077ac                HAL_TIM_TriggerCallback
 .text.TIM_Base_SetConfig
                0x00000000080077c0      0x134 ./Drivers/STM32H7xx_HAL_Driver/stm32h7xx_hal_tim.o
                0x00000000080077c0                TIM_Base_SetConfig
 .text.TIM_OC1_SetConfig
                0x00000000080078f4      0x120 ./Drivers/STM32H7xx_HAL_Driver/stm32h7xx_hal_tim.o
 .text.TIM_OC2_SetConfig
                0x0000000008007a14      0x114 ./Drivers/STM32H7xx_HAL_Driver/stm32h7xx_hal_tim.o
                0x0000000008007a14                TIM_OC2_SetConfig
 .text.TIM_OC3_SetConfig
                0x0000000008007b28      0x110 ./Drivers/STM32H7xx_HAL_Driver/stm32h7xx_hal_tim.o
 .text.TIM_OC4_SetConfig
                0x0000000008007c38       0xd4 ./Drivers/STM32H7xx_HAL_Driver/stm32h7xx_hal_tim.o
 .text.TIM_OC5_SetConfig
                0x0000000008007d0c       0xc8 ./Drivers/STM32H7xx_HAL_Driver/stm32h7xx_hal_tim.o
 .text.TIM_OC6_SetConfig
                0x0000000008007dd4       0xcc ./Drivers/STM32H7xx_HAL_Driver/stm32h7xx_hal_tim.o
 .text.TIM_CCxChannelCmd
                0x0000000008007ea0       0x4a ./Drivers/STM32H7xx_HAL_Driver/stm32h7xx_hal_tim.o
                0x0000000008007ea0                TIM_CCxChannelCmd
 *fill*         0x0000000008007eea        0x2 
 .text.HAL_TIMEx_MasterConfigSynchronization
                0x0000000008007eec      0x11c ./Drivers/STM32H7xx_HAL_Driver/stm32h7xx_hal_tim_ex.o
                0x0000000008007eec                HAL_TIMEx_MasterConfigSynchronization
 .text.HAL_TIMEx_ConfigBreakDeadTime
                0x0000000008008008       0xfc ./Drivers/STM32H7xx_HAL_Driver/stm32h7xx_hal_tim_ex.o
                0x0000000008008008                HAL_TIMEx_ConfigBreakDeadTime
 .text.HAL_TIMEx_CommutCallback
                0x0000000008008104       0x14 ./Drivers/STM32H7xx_HAL_Driver/stm32h7xx_hal_tim_ex.o
                0x0000000008008104                HAL_TIMEx_CommutCallback
 .text.HAL_TIMEx_BreakCallback
                0x0000000008008118       0x14 ./Drivers/STM32H7xx_HAL_Driver/stm32h7xx_hal_tim_ex.o
                0x0000000008008118                HAL_TIMEx_BreakCallback
 .text.HAL_TIMEx_Break2Callback
                0x000000000800812c       0x14 ./Drivers/STM32H7xx_HAL_Driver/stm32h7xx_hal_tim_ex.o
                0x000000000800812c                HAL_TIMEx_Break2Callback
 .text.HAL_UART_Init
                0x0000000008008140       0xa0 ./Drivers/STM32H7xx_HAL_Driver/stm32h7xx_hal_uart.o
                0x0000000008008140                HAL_UART_Init
 .text.HAL_UART_Transmit
                0x00000000080081e0      0x12c ./Drivers/STM32H7xx_HAL_Driver/stm32h7xx_hal_uart.o
                0x00000000080081e0                HAL_UART_Transmit
 .text.UART_SetConfig
                0x000000000800830c      0xad0 ./Drivers/STM32H7xx_HAL_Driver/stm32h7xx_hal_uart.o
                0x000000000800830c                UART_SetConfig
 .text.UART_AdvFeatureConfig
                0x0000000008008ddc      0x144 ./Drivers/STM32H7xx_HAL_Driver/stm32h7xx_hal_uart.o
                0x0000000008008ddc                UART_AdvFeatureConfig
 .text.UART_CheckIdleState
                0x0000000008008f20       0x96 ./Drivers/STM32H7xx_HAL_Driver/stm32h7xx_hal_uart.o
                0x0000000008008f20                UART_CheckIdleState
 .text.UART_WaitOnFlagUntilTimeout
                0x0000000008008fb6      0x190 ./Drivers/STM32H7xx_HAL_Driver/stm32h7xx_hal_uart.o
                0x0000000008008fb6                UART_WaitOnFlagUntilTimeout
 .text.HAL_UARTEx_DisableFifoMode
                0x0000000008009146       0x72 ./Drivers/STM32H7xx_HAL_Driver/stm32h7xx_hal_uart_ex.o
                0x0000000008009146                HAL_UARTEx_DisableFifoMode
 .text.HAL_UARTEx_SetTxFifoThreshold
                0x00000000080091b8       0x7c ./Drivers/STM32H7xx_HAL_Driver/stm32h7xx_hal_uart_ex.o
                0x00000000080091b8                HAL_UARTEx_SetTxFifoThreshold
 .text.HAL_UARTEx_SetRxFifoThreshold
                0x0000000008009234       0x7c ./Drivers/STM32H7xx_HAL_Driver/stm32h7xx_hal_uart_ex.o
                0x0000000008009234                HAL_UARTEx_SetRxFifoThreshold
 .text.UARTEx_SetNbDataToProcess
                0x00000000080092b0       0x9c ./Drivers/STM32H7xx_HAL_Driver/stm32h7xx_hal_uart_ex.o
 .text.__errno  0x000000000800934c        0xc c:/st/stm32cubeide_1.10.1/stm32cubeide/plugins/com.st.stm32cube.ide.mcu.externaltools.gnu-tools-for-stm32.10.3-2021.10.win32_1.0.0.202111181127/tools/bin/../lib/gcc/arm-none-eabi/10.3.1/../../../../arm-none-eabi/lib/thumb/v7e-m+dp/hard\libc_nano.a(lib_a-errno.o)
                0x000000000800934c                __errno
 .text.__libc_init_array
                0x0000000008009358       0x48 c:/st/stm32cubeide_1.10.1/stm32cubeide/plugins/com.st.stm32cube.ide.mcu.externaltools.gnu-tools-for-stm32.10.3-2021.10.win32_1.0.0.202111181127/tools/bin/../lib/gcc/arm-none-eabi/10.3.1/../../../../arm-none-eabi/lib/thumb/v7e-m+dp/hard\libc_nano.a(lib_a-init.o)
                0x0000000008009358                __libc_init_array
 .text.memcpy   0x00000000080093a0       0x1c c:/st/stm32cubeide_1.10.1/stm32cubeide/plugins/com.st.stm32cube.ide.mcu.externaltools.gnu-tools-for-stm32.10.3-2021.10.win32_1.0.0.202111181127/tools/bin/../lib/gcc/arm-none-eabi/10.3.1/../../../../arm-none-eabi/lib/thumb/v7e-m+dp/hard\libc_nano.a(lib_a-memcpy-stub.o)
                0x00000000080093a0                memcpy
 .text.memset   0x00000000080093bc       0x10 c:/st/stm32cubeide_1.10.1/stm32cubeide/plugins/com.st.stm32cube.ide.mcu.externaltools.gnu-tools-for-stm32.10.3-2021.10.win32_1.0.0.202111181127/tools/bin/../lib/gcc/arm-none-eabi/10.3.1/../../../../arm-none-eabi/lib/thumb/v7e-m+dp/hard\libc_nano.a(lib_a-memset.o)
                0x00000000080093bc                memset
 .text.__cvt    0x00000000080093cc       0xa4 c:/st/stm32cubeide_1.10.1/stm32cubeide/plugins/com.st.stm32cube.ide.mcu.externaltools.gnu-tools-for-stm32.10.3-2021.10.win32_1.0.0.202111181127/tools/bin/../lib/gcc/arm-none-eabi/10.3.1/../../../../arm-none-eabi/lib/thumb/v7e-m+dp/hard\libc_nano.a(lib_a-nano-vfprintf_float.o)
                0x00000000080093cc                __cvt
 .text.__exponent
                0x0000000008009470       0x7c c:/st/stm32cubeide_1.10.1/stm32cubeide/plugins/com.st.stm32cube.ide.mcu.externaltools.gnu-tools-for-stm32.10.3-2021.10.win32_1.0.0.202111181127/tools/bin/../lib/gcc/arm-none-eabi/10.3.1/../../../../arm-none-eabi/lib/thumb/v7e-m+dp/hard\libc_nano.a(lib_a-nano-vfprintf_float.o)
                0x0000000008009470                __exponent
 *fill*         0x00000000080094ec        0x4 
 .text._printf_float
                0x00000000080094f0      0x43c c:/st/stm32cubeide_1.10.1/stm32cubeide/plugins/com.st.stm32cube.ide.mcu.externaltools.gnu-tools-for-stm32.10.3-2021.10.win32_1.0.0.202111181127/tools/bin/../lib/gcc/arm-none-eabi/10.3.1/../../../../arm-none-eabi/lib/thumb/v7e-m+dp/hard\libc_nano.a(lib_a-nano-vfprintf_float.o)
                0x00000000080094f0                _printf_float
 .text._printf_common
                0x000000000800992c       0xda c:/st/stm32cubeide_1.10.1/stm32cubeide/plugins/com.st.stm32cube.ide.mcu.externaltools.gnu-tools-for-stm32.10.3-2021.10.win32_1.0.0.202111181127/tools/bin/../lib/gcc/arm-none-eabi/10.3.1/../../../../arm-none-eabi/lib/thumb/v7e-m+dp/hard\libc_nano.a(lib_a-nano-vfprintf_i.o)
                0x000000000800992c                _printf_common
 *fill*         0x0000000008009a06        0x2 
 .text._printf_i
                0x0000000008009a08      0x24c c:/st/stm32cubeide_1.10.1/stm32cubeide/plugins/com.st.stm32cube.ide.mcu.externaltools.gnu-tools-for-stm32.10.3-2021.10.win32_1.0.0.202111181127/tools/bin/../lib/gcc/arm-none-eabi/10.3.1/../../../../arm-none-eabi/lib/thumb/v7e-m+dp/hard\libc_nano.a(lib_a-nano-vfprintf_i.o)
                0x0000000008009a08                _printf_i
 .text.sprintf  0x0000000008009c54       0x40 c:/st/stm32cubeide_1.10.1/stm32cubeide/plugins/com.st.stm32cube.ide.mcu.externaltools.gnu-tools-for-stm32.10.3-2021.10.win32_1.0.0.202111181127/tools/bin/../lib/gcc/arm-none-eabi/10.3.1/../../../../arm-none-eabi/lib/thumb/v7e-m+dp/hard\libc_nano.a(lib_a-sprintf.o)
                0x0000000008009c54                siprintf
                0x0000000008009c54                sprintf
 .text.quorem   0x0000000008009c94      0x116 c:/st/stm32cubeide_1.10.1/stm32cubeide/plugins/com.st.stm32cube.ide.mcu.externaltools.gnu-tools-for-stm32.10.3-2021.10.win32_1.0.0.202111181127/tools/bin/../lib/gcc/arm-none-eabi/10.3.1/../../../../arm-none-eabi/lib/thumb/v7e-m+dp/hard\libc_nano.a(lib_a-dtoa.o)
 *fill*         0x0000000008009daa        0x6 
 .text._dtoa_r  0x0000000008009db0      0xadc c:/st/stm32cubeide_1.10.1/stm32cubeide/plugins/com.st.stm32cube.ide.mcu.externaltools.gnu-tools-for-stm32.10.3-2021.10.win32_1.0.0.202111181127/tools/bin/../lib/gcc/arm-none-eabi/10.3.1/../../../../arm-none-eabi/lib/thumb/v7e-m+dp/hard\libc_nano.a(lib_a-dtoa.o)
                0x0000000008009db0                _dtoa_r
 .text.std      0x000000000800a88c       0x48 c:/st/stm32cubeide_1.10.1/stm32cubeide/plugins/com.st.stm32cube.ide.mcu.externaltools.gnu-tools-for-stm32.10.3-2021.10.win32_1.0.0.202111181127/tools/bin/../lib/gcc/arm-none-eabi/10.3.1/../../../../arm-none-eabi/lib/thumb/v7e-m+dp/hard\libc_nano.a(lib_a-findfp.o)
 .text._cleanup_r
                0x000000000800a8d4        0xc c:/st/stm32cubeide_1.10.1/stm32cubeide/plugins/com.st.stm32cube.ide.mcu.externaltools.gnu-tools-for-stm32.10.3-2021.10.win32_1.0.0.202111181127/tools/bin/../lib/gcc/arm-none-eabi/10.3.1/../../../../arm-none-eabi/lib/thumb/v7e-m+dp/hard\libc_nano.a(lib_a-findfp.o)
                0x000000000800a8d4                _cleanup_r
 .text.__sfmoreglue
                0x000000000800a8e0       0x2c c:/st/stm32cubeide_1.10.1/stm32cubeide/plugins/com.st.stm32cube.ide.mcu.externaltools.gnu-tools-for-stm32.10.3-2021.10.win32_1.0.0.202111181127/tools/bin/../lib/gcc/arm-none-eabi/10.3.1/../../../../arm-none-eabi/lib/thumb/v7e-m+dp/hard\libc_nano.a(lib_a-findfp.o)
                0x000000000800a8e0                __sfmoreglue
 .text.__sfp_lock_acquire
                0x000000000800a90c        0xc c:/st/stm32cubeide_1.10.1/stm32cubeide/plugins/com.st.stm32cube.ide.mcu.externaltools.gnu-tools-for-stm32.10.3-2021.10.win32_1.0.0.202111181127/tools/bin/../lib/gcc/arm-none-eabi/10.3.1/../../../../arm-none-eabi/lib/thumb/v7e-m+dp/hard\libc_nano.a(lib_a-findfp.o)
                0x000000000800a90c                __sfp_lock_acquire
 .text.__sfp_lock_release
                0x000000000800a918        0xc c:/st/stm32cubeide_1.10.1/stm32cubeide/plugins/com.st.stm32cube.ide.mcu.externaltools.gnu-tools-for-stm32.10.3-2021.10.win32_1.0.0.202111181127/tools/bin/../lib/gcc/arm-none-eabi/10.3.1/../../../../arm-none-eabi/lib/thumb/v7e-m+dp/hard\libc_nano.a(lib_a-findfp.o)
                0x000000000800a918                __sfp_lock_release
 .text.__sinit_lock_acquire
                0x000000000800a924        0xc c:/st/stm32cubeide_1.10.1/stm32cubeide/plugins/com.st.stm32cube.ide.mcu.externaltools.gnu-tools-for-stm32.10.3-2021.10.win32_1.0.0.202111181127/tools/bin/../lib/gcc/arm-none-eabi/10.3.1/../../../../arm-none-eabi/lib/thumb/v7e-m+dp/hard\libc_nano.a(lib_a-findfp.o)
                0x000000000800a924                __sinit_lock_acquire
 .text.__sinit_lock_release
                0x000000000800a930        0xc c:/st/stm32cubeide_1.10.1/stm32cubeide/plugins/com.st.stm32cube.ide.mcu.externaltools.gnu-tools-for-stm32.10.3-2021.10.win32_1.0.0.202111181127/tools/bin/../lib/gcc/arm-none-eabi/10.3.1/../../../../arm-none-eabi/lib/thumb/v7e-m+dp/hard\libc_nano.a(lib_a-findfp.o)
                0x000000000800a930                __sinit_lock_release
 .text.__sinit  0x000000000800a93c       0x70 c:/st/stm32cubeide_1.10.1/stm32cubeide/plugins/com.st.stm32cube.ide.mcu.externaltools.gnu-tools-for-stm32.10.3-2021.10.win32_1.0.0.202111181127/tools/bin/../lib/gcc/arm-none-eabi/10.3.1/../../../../arm-none-eabi/lib/thumb/v7e-m+dp/hard\libc_nano.a(lib_a-findfp.o)
                0x000000000800a93c                __sinit
 .text.__sfp    0x000000000800a9ac       0x8c c:/st/stm32cubeide_1.10.1/stm32cubeide/plugins/com.st.stm32cube.ide.mcu.externaltools.gnu-tools-for-stm32.10.3-2021.10.win32_1.0.0.202111181127/tools/bin/../lib/gcc/arm-none-eabi/10.3.1/../../../../arm-none-eabi/lib/thumb/v7e-m+dp/hard\libc_nano.a(lib_a-findfp.o)
                0x000000000800a9ac                __sfp
 .text._fwalk_reent
                0x000000000800aa38       0x3e c:/st/stm32cubeide_1.10.1/stm32cubeide/plugins/com.st.stm32cube.ide.mcu.externaltools.gnu-tools-for-stm32.10.3-2021.10.win32_1.0.0.202111181127/tools/bin/../lib/gcc/arm-none-eabi/10.3.1/../../../../arm-none-eabi/lib/thumb/v7e-m+dp/hard\libc_nano.a(lib_a-fwalk.o)
                0x000000000800aa38                _fwalk_reent
 *fill*         0x000000000800aa76        0x2 
 .text._localeconv_r
                0x000000000800aa78        0x8 c:/st/stm32cubeide_1.10.1/stm32cubeide/plugins/com.st.stm32cube.ide.mcu.externaltools.gnu-tools-for-stm32.10.3-2021.10.win32_1.0.0.202111181127/tools/bin/../lib/gcc/arm-none-eabi/10.3.1/../../../../arm-none-eabi/lib/thumb/v7e-m+dp/hard\libc_nano.a(lib_a-localeconv.o)
                0x000000000800aa78                _localeconv_r
 .text.__retarget_lock_init_recursive
                0x000000000800aa80        0x2 c:/st/stm32cubeide_1.10.1/stm32cubeide/plugins/com.st.stm32cube.ide.mcu.externaltools.gnu-tools-for-stm32.10.3-2021.10.win32_1.0.0.202111181127/tools/bin/../lib/gcc/arm-none-eabi/10.3.1/../../../../arm-none-eabi/lib/thumb/v7e-m+dp/hard\libc_nano.a(lib_a-lock.o)
                0x000000000800aa80                __retarget_lock_init_recursive
 .text.__retarget_lock_acquire_recursive
                0x000000000800aa82        0x2 c:/st/stm32cubeide_1.10.1/stm32cubeide/plugins/com.st.stm32cube.ide.mcu.externaltools.gnu-tools-for-stm32.10.3-2021.10.win32_1.0.0.202111181127/tools/bin/../lib/gcc/arm-none-eabi/10.3.1/../../../../arm-none-eabi/lib/thumb/v7e-m+dp/hard\libc_nano.a(lib_a-lock.o)
                0x000000000800aa82                __retarget_lock_acquire_recursive
 .text.__retarget_lock_release_recursive
                0x000000000800aa84        0x2 c:/st/stm32cubeide_1.10.1/stm32cubeide/plugins/com.st.stm32cube.ide.mcu.externaltools.gnu-tools-for-stm32.10.3-2021.10.win32_1.0.0.202111181127/tools/bin/../lib/gcc/arm-none-eabi/10.3.1/../../../../arm-none-eabi/lib/thumb/v7e-m+dp/hard\libc_nano.a(lib_a-lock.o)
                0x000000000800aa84                __retarget_lock_release_recursive
 *fill*         0x000000000800aa86        0x2 
 .text.malloc   0x000000000800aa88       0x10 c:/st/stm32cubeide_1.10.1/stm32cubeide/plugins/com.st.stm32cube.ide.mcu.externaltools.gnu-tools-for-stm32.10.3-2021.10.win32_1.0.0.202111181127/tools/bin/../lib/gcc/arm-none-eabi/10.3.1/../../../../arm-none-eabi/lib/thumb/v7e-m+dp/hard\libc_nano.a(lib_a-malloc.o)
                0x000000000800aa88                malloc
 .text._Balloc  0x000000000800aa98       0x80 c:/st/stm32cubeide_1.10.1/stm32cubeide/plugins/com.st.stm32cube.ide.mcu.externaltools.gnu-tools-for-stm32.10.3-2021.10.win32_1.0.0.202111181127/tools/bin/../lib/gcc/arm-none-eabi/10.3.1/../../../../arm-none-eabi/lib/thumb/v7e-m+dp/hard\libc_nano.a(lib_a-mprec.o)
                0x000000000800aa98                _Balloc
 .text._Bfree   0x000000000800ab18       0x44 c:/st/stm32cubeide_1.10.1/stm32cubeide/plugins/com.st.stm32cube.ide.mcu.externaltools.gnu-tools-for-stm32.10.3-2021.10.win32_1.0.0.202111181127/tools/bin/../lib/gcc/arm-none-eabi/10.3.1/../../../../arm-none-eabi/lib/thumb/v7e-m+dp/hard\libc_nano.a(lib_a-mprec.o)
                0x000000000800ab18                _Bfree
 .text.__multadd
                0x000000000800ab5c       0x8c c:/st/stm32cubeide_1.10.1/stm32cubeide/plugins/com.st.stm32cube.ide.mcu.externaltools.gnu-tools-for-stm32.10.3-2021.10.win32_1.0.0.202111181127/tools/bin/../lib/gcc/arm-none-eabi/10.3.1/../../../../arm-none-eabi/lib/thumb/v7e-m+dp/hard\libc_nano.a(lib_a-mprec.o)
                0x000000000800ab5c                __multadd
 .text.__hi0bits
                0x000000000800abe8       0x40 c:/st/stm32cubeide_1.10.1/stm32cubeide/plugins/com.st.stm32cube.ide.mcu.externaltools.gnu-tools-for-stm32.10.3-2021.10.win32_1.0.0.202111181127/tools/bin/../lib/gcc/arm-none-eabi/10.3.1/../../../../arm-none-eabi/lib/thumb/v7e-m+dp/hard\libc_nano.a(lib_a-mprec.o)
                0x000000000800abe8                __hi0bits
 .text.__lo0bits
                0x000000000800ac28       0x5e c:/st/stm32cubeide_1.10.1/stm32cubeide/plugins/com.st.stm32cube.ide.mcu.externaltools.gnu-tools-for-stm32.10.3-2021.10.win32_1.0.0.202111181127/tools/bin/../lib/gcc/arm-none-eabi/10.3.1/../../../../arm-none-eabi/lib/thumb/v7e-m+dp/hard\libc_nano.a(lib_a-mprec.o)
                0x000000000800ac28                __lo0bits
 *fill*         0x000000000800ac86        0x2 
 .text.__i2b    0x000000000800ac88       0x2c c:/st/stm32cubeide_1.10.1/stm32cubeide/plugins/com.st.stm32cube.ide.mcu.externaltools.gnu-tools-for-stm32.10.3-2021.10.win32_1.0.0.202111181127/tools/bin/../lib/gcc/arm-none-eabi/10.3.1/../../../../arm-none-eabi/lib/thumb/v7e-m+dp/hard\libc_nano.a(lib_a-mprec.o)
                0x000000000800ac88                __i2b
 .text.__multiply
                0x000000000800acb4      0x154 c:/st/stm32cubeide_1.10.1/stm32cubeide/plugins/com.st.stm32cube.ide.mcu.externaltools.gnu-tools-for-stm32.10.3-2021.10.win32_1.0.0.202111181127/tools/bin/../lib/gcc/arm-none-eabi/10.3.1/../../../../arm-none-eabi/lib/thumb/v7e-m+dp/hard\libc_nano.a(lib_a-mprec.o)
                0x000000000800acb4                __multiply
 .text.__pow5mult
                0x000000000800ae08       0xb4 c:/st/stm32cubeide_1.10.1/stm32cubeide/plugins/com.st.stm32cube.ide.mcu.externaltools.gnu-tools-for-stm32.10.3-2021.10.win32_1.0.0.202111181127/tools/bin/../lib/gcc/arm-none-eabi/10.3.1/../../../../arm-none-eabi/lib/thumb/v7e-m+dp/hard\libc_nano.a(lib_a-mprec.o)
                0x000000000800ae08                __pow5mult
 .text.__lshift
                0x000000000800aebc       0xe0 c:/st/stm32cubeide_1.10.1/stm32cubeide/plugins/com.st.stm32cube.ide.mcu.externaltools.gnu-tools-for-stm32.10.3-2021.10.win32_1.0.0.202111181127/tools/bin/../lib/gcc/arm-none-eabi/10.3.1/../../../../arm-none-eabi/lib/thumb/v7e-m+dp/hard\libc_nano.a(lib_a-mprec.o)
                0x000000000800aebc                __lshift
 .text.__mcmp   0x000000000800af9c       0x38 c:/st/stm32cubeide_1.10.1/stm32cubeide/plugins/com.st.stm32cube.ide.mcu.externaltools.gnu-tools-for-stm32.10.3-2021.10.win32_1.0.0.202111181127/tools/bin/../lib/gcc/arm-none-eabi/10.3.1/../../../../arm-none-eabi/lib/thumb/v7e-m+dp/hard\libc_nano.a(lib_a-mprec.o)
                0x000000000800af9c                __mcmp
 .text.__mdiff  0x000000000800afd4      0x114 c:/st/stm32cubeide_1.10.1/stm32cubeide/plugins/com.st.stm32cube.ide.mcu.externaltools.gnu-tools-for-stm32.10.3-2021.10.win32_1.0.0.202111181127/tools/bin/../lib/gcc/arm-none-eabi/10.3.1/../../../../arm-none-eabi/lib/thumb/v7e-m+dp/hard\libc_nano.a(lib_a-mprec.o)
                0x000000000800afd4                __mdiff
 .text.__d2b    0x000000000800b0e8       0xb8 c:/st/stm32cubeide_1.10.1/stm32cubeide/plugins/com.st.stm32cube.ide.mcu.externaltools.gnu-tools-for-stm32.10.3-2021.10.win32_1.0.0.202111181127/tools/bin/../lib/gcc/arm-none-eabi/10.3.1/../../../../arm-none-eabi/lib/thumb/v7e-m+dp/hard\libc_nano.a(lib_a-mprec.o)
                0x000000000800b0e8                __d2b
 .text._calloc_r
                0x000000000800b1a0       0x2c c:/st/stm32cubeide_1.10.1/stm32cubeide/plugins/com.st.stm32cube.ide.mcu.externaltools.gnu-tools-for-stm32.10.3-2021.10.win32_1.0.0.202111181127/tools/bin/../lib/gcc/arm-none-eabi/10.3.1/../../../../arm-none-eabi/lib/thumb/v7e-m+dp/hard\libc_nano.a(lib_a-nano-callocr.o)
                0x000000000800b1a0                _calloc_r
 .text._free_r  0x000000000800b1cc       0x98 c:/st/stm32cubeide_1.10.1/stm32cubeide/plugins/com.st.stm32cube.ide.mcu.externaltools.gnu-tools-for-stm32.10.3-2021.10.win32_1.0.0.202111181127/tools/bin/../lib/gcc/arm-none-eabi/10.3.1/../../../../arm-none-eabi/lib/thumb/v7e-m+dp/hard\libc_nano.a(lib_a-nano-freer.o)
                0x000000000800b1cc                _free_r
 .text.sbrk_aligned
                0x000000000800b264       0x40 c:/st/stm32cubeide_1.10.1/stm32cubeide/plugins/com.st.stm32cube.ide.mcu.externaltools.gnu-tools-for-stm32.10.3-2021.10.win32_1.0.0.202111181127/tools/bin/../lib/gcc/arm-none-eabi/10.3.1/../../../../arm-none-eabi/lib/thumb/v7e-m+dp/hard\libc_nano.a(lib_a-nano-mallocr.o)
 .text._malloc_r
                0x000000000800b2a4       0xe8 c:/st/stm32cubeide_1.10.1/stm32cubeide/plugins/com.st.stm32cube.ide.mcu.externaltools.gnu-tools-for-stm32.10.3-2021.10.win32_1.0.0.202111181127/tools/bin/../lib/gcc/arm-none-eabi/10.3.1/../../../../arm-none-eabi/lib/thumb/v7e-m+dp/hard\libc_nano.a(lib_a-nano-mallocr.o)
                0x000000000800b2a4                _malloc_r
 .text.__ssputs_r
                0x000000000800b38c       0xb6 c:/st/stm32cubeide_1.10.1/stm32cubeide/plugins/com.st.stm32cube.ide.mcu.externaltools.gnu-tools-for-stm32.10.3-2021.10.win32_1.0.0.202111181127/tools/bin/../lib/gcc/arm-none-eabi/10.3.1/../../../../arm-none-eabi/lib/thumb/v7e-m+dp/hard\libc_nano.a(lib_a-nano-svfprintf.o)
                0x000000000800b38c                __ssputs_r
 *fill*         0x000000000800b442        0x2 
 .text._svfprintf_r
                0x000000000800b444      0x200 c:/st/stm32cubeide_1.10.1/stm32cubeide/plugins/com.st.stm32cube.ide.mcu.externaltools.gnu-tools-for-stm32.10.3-2021.10.win32_1.0.0.202111181127/tools/bin/../lib/gcc/arm-none-eabi/10.3.1/../../../../arm-none-eabi/lib/thumb/v7e-m+dp/hard\libc_nano.a(lib_a-nano-svfprintf.o)
                0x000000000800b444                _svfiprintf_r
                0x000000000800b444                _svfprintf_r
 .text.__sfputc_r
                0x000000000800b644       0x2e c:/st/stm32cubeide_1.10.1/stm32cubeide/plugins/com.st.stm32cube.ide.mcu.externaltools.gnu-tools-for-stm32.10.3-2021.10.win32_1.0.0.202111181127/tools/bin/../lib/gcc/arm-none-eabi/10.3.1/../../../../arm-none-eabi/lib/thumb/v7e-m+dp/hard\libc_nano.a(lib_a-nano-vfprintf.o)
 .text.__sfputs_r
                0x000000000800b672       0x24 c:/st/stm32cubeide_1.10.1/stm32cubeide/plugins/com.st.stm32cube.ide.mcu.externaltools.gnu-tools-for-stm32.10.3-2021.10.win32_1.0.0.202111181127/tools/bin/../lib/gcc/arm-none-eabi/10.3.1/../../../../arm-none-eabi/lib/thumb/v7e-m+dp/hard\libc_nano.a(lib_a-nano-vfprintf.o)
                0x000000000800b672                __sfputs_r
 *fill*         0x000000000800b696        0x2 
 .text._vfprintf_r
                0x000000000800b698      0x260 c:/st/stm32cubeide_1.10.1/stm32cubeide/plugins/com.st.stm32cube.ide.mcu.externaltools.gnu-tools-for-stm32.10.3-2021.10.win32_1.0.0.202111181127/tools/bin/../lib/gcc/arm-none-eabi/10.3.1/../../../../arm-none-eabi/lib/thumb/v7e-m+dp/hard\libc_nano.a(lib_a-nano-vfprintf.o)
                0x000000000800b698                _vfprintf_r
                0x000000000800b698                _vfiprintf_r
 .text._sbrk_r  0x000000000800b8f8       0x20 c:/st/stm32cubeide_1.10.1/stm32cubeide/plugins/com.st.stm32cube.ide.mcu.externaltools.gnu-tools-for-stm32.10.3-2021.10.win32_1.0.0.202111181127/tools/bin/../lib/gcc/arm-none-eabi/10.3.1/../../../../arm-none-eabi/lib/thumb/v7e-m+dp/hard\libc_nano.a(lib_a-sbrkr.o)
                0x000000000800b8f8                _sbrk_r
 .text.__sread  0x000000000800b918       0x22 c:/st/stm32cubeide_1.10.1/stm32cubeide/plugins/com.st.stm32cube.ide.mcu.externaltools.gnu-tools-for-stm32.10.3-2021.10.win32_1.0.0.202111181127/tools/bin/../lib/gcc/arm-none-eabi/10.3.1/../../../../arm-none-eabi/lib/thumb/v7e-m+dp/hard\libc_nano.a(lib_a-stdio.o)
                0x000000000800b918                __sread
 .text.__swrite
                0x000000000800b93a       0x38 c:/st/stm32cubeide_1.10.1/stm32cubeide/plugins/com.st.stm32cube.ide.mcu.externaltools.gnu-tools-for-stm32.10.3-2021.10.win32_1.0.0.202111181127/tools/bin/../lib/gcc/arm-none-eabi/10.3.1/../../../../arm-none-eabi/lib/thumb/v7e-m+dp/hard\libc_nano.a(lib_a-stdio.o)
                0x000000000800b93a                __swrite
 .text.__sseek  0x000000000800b972       0x24 c:/st/stm32cubeide_1.10.1/stm32cubeide/plugins/com.st.stm32cube.ide.mcu.externaltools.gnu-tools-for-stm32.10.3-2021.10.win32_1.0.0.202111181127/tools/bin/../lib/gcc/arm-none-eabi/10.3.1/../../../../arm-none-eabi/lib/thumb/v7e-m+dp/hard\libc_nano.a(lib_a-stdio.o)
                0x000000000800b972                __sseek
 .text.__sclose
                0x000000000800b996        0x8 c:/st/stm32cubeide_1.10.1/stm32cubeide/plugins/com.st.stm32cube.ide.mcu.externaltools.gnu-tools-for-stm32.10.3-2021.10.win32_1.0.0.202111181127/tools/bin/../lib/gcc/arm-none-eabi/10.3.1/../../../../arm-none-eabi/lib/thumb/v7e-m+dp/hard\libc_nano.a(lib_a-stdio.o)
                0x000000000800b996                __sclose
 *fill*         0x000000000800b99e        0x2 
 .text.__swbuf_r
                0x000000000800b9a0       0xa4 c:/st/stm32cubeide_1.10.1/stm32cubeide/plugins/com.st.stm32cube.ide.mcu.externaltools.gnu-tools-for-stm32.10.3-2021.10.win32_1.0.0.202111181127/tools/bin/../lib/gcc/arm-none-eabi/10.3.1/../../../../arm-none-eabi/lib/thumb/v7e-m+dp/hard\libc_nano.a(lib_a-wbuf.o)
                0x000000000800b9a0                __swbuf_r
 .text._write_r
                0x000000000800ba44       0x24 c:/st/stm32cubeide_1.10.1/stm32cubeide/plugins/com.st.stm32cube.ide.mcu.externaltools.gnu-tools-for-stm32.10.3-2021.10.win32_1.0.0.202111181127/tools/bin/../lib/gcc/arm-none-eabi/10.3.1/../../../../arm-none-eabi/lib/thumb/v7e-m+dp/hard\libc_nano.a(lib_a-writer.o)
                0x000000000800ba44                _write_r
 .text.__swsetup_r
                0x000000000800ba68       0xdc c:/st/stm32cubeide_1.10.1/stm32cubeide/plugins/com.st.stm32cube.ide.mcu.externaltools.gnu-tools-for-stm32.10.3-2021.10.win32_1.0.0.202111181127/tools/bin/../lib/gcc/arm-none-eabi/10.3.1/../../../../arm-none-eabi/lib/thumb/v7e-m+dp/hard\libc_nano.a(lib_a-wsetup.o)
                0x000000000800ba68                __swsetup_r
 .text.__assert_func
                0x000000000800bb44       0x3c c:/st/stm32cubeide_1.10.1/stm32cubeide/plugins/com.st.stm32cube.ide.mcu.externaltools.gnu-tools-for-stm32.10.3-2021.10.win32_1.0.0.202111181127/tools/bin/../lib/gcc/arm-none-eabi/10.3.1/../../../../arm-none-eabi/lib/thumb/v7e-m+dp/hard\libc_nano.a(lib_a-assert.o)
                0x000000000800bb44                __assert_func
 .text._close_r
                0x000000000800bb80       0x20 c:/st/stm32cubeide_1.10.1/stm32cubeide/plugins/com.st.stm32cube.ide.mcu.externaltools.gnu-tools-for-stm32.10.3-2021.10.win32_1.0.0.202111181127/tools/bin/../lib/gcc/arm-none-eabi/10.3.1/../../../../arm-none-eabi/lib/thumb/v7e-m+dp/hard\libc_nano.a(lib_a-closer.o)
                0x000000000800bb80                _close_r
 .text.__sflush_r
                0x000000000800bba0      0x10c c:/st/stm32cubeide_1.10.1/stm32cubeide/plugins/com.st.stm32cube.ide.mcu.externaltools.gnu-tools-for-stm32.10.3-2021.10.win32_1.0.0.202111181127/tools/bin/../lib/gcc/arm-none-eabi/10.3.1/../../../../arm-none-eabi/lib/thumb/v7e-m+dp/hard\libc_nano.a(lib_a-fflush.o)
                0x000000000800bba0                __sflush_r
 .text._fflush_r
                0x000000000800bcac       0x78 c:/st/stm32cubeide_1.10.1/stm32cubeide/plugins/com.st.stm32cube.ide.mcu.externaltools.gnu-tools-for-stm32.10.3-2021.10.win32_1.0.0.202111181127/tools/bin/../lib/gcc/arm-none-eabi/10.3.1/../../../../arm-none-eabi/lib/thumb/v7e-m+dp/hard\libc_nano.a(lib_a-fflush.o)
                0x000000000800bcac                _fflush_r
 .text.fprintf  0x000000000800bd24       0x24 c:/st/stm32cubeide_1.10.1/stm32cubeide/plugins/com.st.stm32cube.ide.mcu.externaltools.gnu-tools-for-stm32.10.3-2021.10.win32_1.0.0.202111181127/tools/bin/../lib/gcc/arm-none-eabi/10.3.1/../../../../arm-none-eabi/lib/thumb/v7e-m+dp/hard\libc_nano.a(lib_a-fprintf.o)
                0x000000000800bd24                fiprintf
                0x000000000800bd24                fprintf
 .text._lseek_r
                0x000000000800bd48       0x24 c:/st/stm32cubeide_1.10.1/stm32cubeide/plugins/com.st.stm32cube.ide.mcu.externaltools.gnu-tools-for-stm32.10.3-2021.10.win32_1.0.0.202111181127/tools/bin/../lib/gcc/arm-none-eabi/10.3.1/../../../../arm-none-eabi/lib/thumb/v7e-m+dp/hard\libc_nano.a(lib_a-lseekr.o)
                0x000000000800bd48                _lseek_r
 .text.__swhatbuf_r
                0x000000000800bd6c       0x4a c:/st/stm32cubeide_1.10.1/stm32cubeide/plugins/com.st.stm32cube.ide.mcu.externaltools.gnu-tools-for-stm32.10.3-2021.10.win32_1.0.0.202111181127/tools/bin/../lib/gcc/arm-none-eabi/10.3.1/../../../../arm-none-eabi/lib/thumb/v7e-m+dp/hard\libc_nano.a(lib_a-makebuf.o)
                0x000000000800bd6c                __swhatbuf_r
 *fill*         0x000000000800bdb6        0x2 
 .text.__smakebuf_r
                0x000000000800bdb8       0x80 c:/st/stm32cubeide_1.10.1/stm32cubeide/plugins/com.st.stm32cube.ide.mcu.externaltools.gnu-tools-for-stm32.10.3-2021.10.win32_1.0.0.202111181127/tools/bin/../lib/gcc/arm-none-eabi/10.3.1/../../../../arm-none-eabi/lib/thumb/v7e-m+dp/hard\libc_nano.a(lib_a-makebuf.o)
                0x000000000800bdb8                __smakebuf_r
 .text.__ascii_mbtowc
                0x000000000800be38       0x24 c:/st/stm32cubeide_1.10.1/stm32cubeide/plugins/com.st.stm32cube.ide.mcu.externaltools.gnu-tools-for-stm32.10.3-2021.10.win32_1.0.0.202111181127/tools/bin/../lib/gcc/arm-none-eabi/10.3.1/../../../../arm-none-eabi/lib/thumb/v7e-m+dp/hard\libc_nano.a(lib_a-mbtowc_r.o)
                0x000000000800be38                __ascii_mbtowc
 .text.memmove  0x000000000800be5c       0x34 c:/st/stm32cubeide_1.10.1/stm32cubeide/plugins/com.st.stm32cube.ide.mcu.externaltools.gnu-tools-for-stm32.10.3-2021.10.win32_1.0.0.202111181127/tools/bin/../lib/gcc/arm-none-eabi/10.3.1/../../../../arm-none-eabi/lib/thumb/v7e-m+dp/hard\libc_nano.a(lib_a-memmove.o)
                0x000000000800be5c                memmove
 .text.__malloc_lock
                0x000000000800be90        0xc c:/st/stm32cubeide_1.10.1/stm32cubeide/plugins/com.st.stm32cube.ide.mcu.externaltools.gnu-tools-for-stm32.10.3-2021.10.win32_1.0.0.202111181127/tools/bin/../lib/gcc/arm-none-eabi/10.3.1/../../../../arm-none-eabi/lib/thumb/v7e-m+dp/hard\libc_nano.a(lib_a-mlock.o)
                0x000000000800be90                __malloc_lock
 .text.__malloc_unlock
                0x000000000800be9c        0xc c:/st/stm32cubeide_1.10.1/stm32cubeide/plugins/com.st.stm32cube.ide.mcu.externaltools.gnu-tools-for-stm32.10.3-2021.10.win32_1.0.0.202111181127/tools/bin/../lib/gcc/arm-none-eabi/10.3.1/../../../../arm-none-eabi/lib/thumb/v7e-m+dp/hard\libc_nano.a(lib_a-mlock.o)
                0x000000000800be9c                __malloc_unlock
 .text._realloc_r
                0x000000000800bea8       0x5e c:/st/stm32cubeide_1.10.1/stm32cubeide/plugins/com.st.stm32cube.ide.mcu.externaltools.gnu-tools-for-stm32.10.3-2021.10.win32_1.0.0.202111181127/tools/bin/../lib/gcc/arm-none-eabi/10.3.1/../../../../arm-none-eabi/lib/thumb/v7e-m+dp/hard\libc_nano.a(lib_a-nano-reallocr.o)
                0x000000000800bea8                _realloc_r
 *fill*         0x000000000800bf06        0x2 
 .text._read_r  0x000000000800bf08       0x24 c:/st/stm32cubeide_1.10.1/stm32cubeide/plugins/com.st.stm32cube.ide.mcu.externaltools.gnu-tools-for-stm32.10.3-2021.10.win32_1.0.0.202111181127/tools/bin/../lib/gcc/arm-none-eabi/10.3.1/../../../../arm-none-eabi/lib/thumb/v7e-m+dp/hard\libc_nano.a(lib_a-readr.o)
                0x000000000800bf08                _read_r
 .text.__ascii_wctomb
                0x000000000800bf2c       0x1a c:/st/stm32cubeide_1.10.1/stm32cubeide/plugins/com.st.stm32cube.ide.mcu.externaltools.gnu-tools-for-stm32.10.3-2021.10.win32_1.0.0.202111181127/tools/bin/../lib/gcc/arm-none-eabi/10.3.1/../../../../arm-none-eabi/lib/thumb/v7e-m+dp/hard\libc_nano.a(lib_a-wctomb_r.o)
                0x000000000800bf2c                __ascii_wctomb
 .text.abort    0x000000000800bf46        0xe c:/st/stm32cubeide_1.10.1/stm32cubeide/plugins/com.st.stm32cube.ide.mcu.externaltools.gnu-tools-for-stm32.10.3-2021.10.win32_1.0.0.202111181127/tools/bin/../lib/gcc/arm-none-eabi/10.3.1/../../../../arm-none-eabi/lib/thumb/v7e-m+dp/hard\libc_nano.a(lib_a-abort.o)
                0x000000000800bf46                abort
 .text._fstat_r
                0x000000000800bf54       0x24 c:/st/stm32cubeide_1.10.1/stm32cubeide/plugins/com.st.stm32cube.ide.mcu.externaltools.gnu-tools-for-stm32.10.3-2021.10.win32_1.0.0.202111181127/tools/bin/../lib/gcc/arm-none-eabi/10.3.1/../../../../arm-none-eabi/lib/thumb/v7e-m+dp/hard\libc_nano.a(lib_a-fstatr.o)
                0x000000000800bf54                _fstat_r
 .text._isatty_r
                0x000000000800bf78       0x20 c:/st/stm32cubeide_1.10.1/stm32cubeide/plugins/com.st.stm32cube.ide.mcu.externaltools.gnu-tools-for-stm32.10.3-2021.10.win32_1.0.0.202111181127/tools/bin/../lib/gcc/arm-none-eabi/10.3.1/../../../../arm-none-eabi/lib/thumb/v7e-m+dp/hard\libc_nano.a(lib_a-isattyr.o)
                0x000000000800bf78                _isatty_r
 .text._malloc_usable_size_r
                0x000000000800bf98       0x10 c:/st/stm32cubeide_1.10.1/stm32cubeide/plugins/com.st.stm32cube.ide.mcu.externaltools.gnu-tools-for-stm32.10.3-2021.10.win32_1.0.0.202111181127/tools/bin/../lib/gcc/arm-none-eabi/10.3.1/../../../../arm-none-eabi/lib/thumb/v7e-m+dp/hard\libc_nano.a(lib_a-nano-msizer.o)
                0x000000000800bf98                _malloc_usable_size_r
 .text._raise_r
                0x000000000800bfa8       0x50 c:/st/stm32cubeide_1.10.1/stm32cubeide/plugins/com.st.stm32cube.ide.mcu.externaltools.gnu-tools-for-stm32.10.3-2021.10.win32_1.0.0.202111181127/tools/bin/../lib/gcc/arm-none-eabi/10.3.1/../../../../arm-none-eabi/lib/thumb/v7e-m+dp/hard\libc_nano.a(lib_a-signal.o)
                0x000000000800bfa8                _raise_r
 .text.raise    0x000000000800bff8       0x10 c:/st/stm32cubeide_1.10.1/stm32cubeide/plugins/com.st.stm32cube.ide.mcu.externaltools.gnu-tools-for-stm32.10.3-2021.10.win32_1.0.0.202111181127/tools/bin/../lib/gcc/arm-none-eabi/10.3.1/../../../../arm-none-eabi/lib/thumb/v7e-m+dp/hard\libc_nano.a(lib_a-signal.o)
                0x000000000800bff8                raise
 .text._kill_r  0x000000000800c008       0x24 c:/st/stm32cubeide_1.10.1/stm32cubeide/plugins/com.st.stm32cube.ide.mcu.externaltools.gnu-tools-for-stm32.10.3-2021.10.win32_1.0.0.202111181127/tools/bin/../lib/gcc/arm-none-eabi/10.3.1/../../../../arm-none-eabi/lib/thumb/v7e-m+dp/hard\libc_nano.a(lib_a-signalr.o)
                0x000000000800c008                _kill_r
 .text._getpid_r
                0x000000000800c02c        0x4 c:/st/stm32cubeide_1.10.1/stm32cubeide/plugins/com.st.stm32cube.ide.mcu.externaltools.gnu-tools-for-stm32.10.3-2021.10.win32_1.0.0.202111181127/tools/bin/../lib/gcc/arm-none-eabi/10.3.1/../../../../arm-none-eabi/lib/thumb/v7e-m+dp/hard\libc_nano.a(lib_a-signalr.o)
                0x000000000800c02c                _getpid_r
 *(.glue_7)
 .glue_7        0x000000000800c030        0x0 linker stubs
 *(.glue_7t)
 .glue_7t       0x000000000800c030        0x0 linker stubs
 *(.eh_frame)
 .eh_frame      0x000000000800c030        0x0 c:/st/stm32cubeide_1.10.1/stm32cubeide/plugins/com.st.stm32cube.ide.mcu.externaltools.gnu-tools-for-stm32.10.3-2021.10.win32_1.0.0.202111181127/tools/bin/../lib/gcc/arm-none-eabi/10.3.1/thumb/v7e-m+dp/hard/crtbegin.o
 *(.init)
 .init          0x000000000800c030        0x4 c:/st/stm32cubeide_1.10.1/stm32cubeide/plugins/com.st.stm32cube.ide.mcu.externaltools.gnu-tools-for-stm32.10.3-2021.10.win32_1.0.0.202111181127/tools/bin/../lib/gcc/arm-none-eabi/10.3.1/thumb/v7e-m+dp/hard/crti.o
                0x000000000800c030                _init
 .init          0x000000000800c034        0x8 c:/st/stm32cubeide_1.10.1/stm32cubeide/plugins/com.st.stm32cube.ide.mcu.externaltools.gnu-tools-for-stm32.10.3-2021.10.win32_1.0.0.202111181127/tools/bin/../lib/gcc/arm-none-eabi/10.3.1/thumb/v7e-m+dp/hard/crtn.o
 *(.fini)
 .fini          0x000000000800c03c        0x4 c:/st/stm32cubeide_1.10.1/stm32cubeide/plugins/com.st.stm32cube.ide.mcu.externaltools.gnu-tools-for-stm32.10.3-2021.10.win32_1.0.0.202111181127/tools/bin/../lib/gcc/arm-none-eabi/10.3.1/thumb/v7e-m+dp/hard/crti.o
                0x000000000800c03c                _fini
 .fini          0x000000000800c040        0x8 c:/st/stm32cubeide_1.10.1/stm32cubeide/plugins/com.st.stm32cube.ide.mcu.externaltools.gnu-tools-for-stm32.10.3-2021.10.win32_1.0.0.202111181127/tools/bin/../lib/gcc/arm-none-eabi/10.3.1/thumb/v7e-m+dp/hard/crtn.o
                0x000000000800c048                . = ALIGN (0x4)
                0x000000000800c048                _etext = .

.vfp11_veneer   0x000000000800c048        0x0
 .vfp11_veneer  0x000000000800c048        0x0 linker stubs

.v4_bx          0x000000000800c048        0x0
 .v4_bx         0x000000000800c048        0x0 linker stubs

.iplt           0x000000000800c048        0x0
 .iplt          0x000000000800c048        0x0 c:/st/stm32cubeide_1.10.1/stm32cubeide/plugins/com.st.stm32cube.ide.mcu.externaltools.gnu-tools-for-stm32.10.3-2021.10.win32_1.0.0.202111181127/tools/bin/../lib/gcc/arm-none-eabi/10.3.1/thumb/v7e-m+dp/hard/crtbegin.o

.rodata         0x000000000800c048      0x9b4
                0x000000000800c048                . = ALIGN (0x4)
 *(.rodata)
 .rodata        0x000000000800c048      0x541 ./Core/Src/MY_NRF24.o
 *fill*         0x000000000800c589        0x3 
 .rodata        0x000000000800c58c       0x4c ./Drivers/STM32H7xx_HAL_Driver/stm32h7xx_hal_fdcan.o
 *(.rodata*)
 .rodata.D1CorePrescTable
                0x000000000800c5d8       0x10 ./Common/Src/system_stm32h7xx_dualcore_boot_cm4_cm7.o
                0x000000000800c5d8                D1CorePrescTable
 .rodata.NRF24_ADDR_REGS
                0x000000000800c5e8        0x7 ./Core/Src/MY_NRF24.o
 *fill*         0x000000000800c5ef        0x1 
 .rodata.RF24_RX_PW_PIPE
                0x000000000800c5f0        0x6 ./Core/Src/MY_NRF24.o
 *fill*         0x000000000800c5f6        0x2 
 .rodata.UARTPrescTable
                0x000000000800c5f8       0x18 ./Drivers/STM32H7xx_HAL_Driver/stm32h7xx_hal_uart.o
                0x000000000800c5f8                UARTPrescTable
 .rodata.numerator.1
                0x000000000800c610        0x8 ./Drivers/STM32H7xx_HAL_Driver/stm32h7xx_hal_uart_ex.o
 .rodata.denominator.0
                0x000000000800c618        0x8 ./Drivers/STM32H7xx_HAL_Driver/stm32h7xx_hal_uart_ex.o
 .rodata._global_impure_ptr
                0x000000000800c620        0x4 c:/st/stm32cubeide_1.10.1/stm32cubeide/plugins/com.st.stm32cube.ide.mcu.externaltools.gnu-tools-for-stm32.10.3-2021.10.win32_1.0.0.202111181127/tools/bin/../lib/gcc/arm-none-eabi/10.3.1/../../../../arm-none-eabi/lib/thumb/v7e-m+dp/hard\libc_nano.a(lib_a-impure.o)
                0x000000000800c620                _global_impure_ptr
 .rodata._printf_float.str1.1
                0x000000000800c624       0x12 c:/st/stm32cubeide_1.10.1/stm32cubeide/plugins/com.st.stm32cube.ide.mcu.externaltools.gnu-tools-for-stm32.10.3-2021.10.win32_1.0.0.202111181127/tools/bin/../lib/gcc/arm-none-eabi/10.3.1/../../../../arm-none-eabi/lib/thumb/v7e-m+dp/hard\libc_nano.a(lib_a-nano-vfprintf_float.o)
 .rodata._printf_i.str1.1
                0x000000000800c636       0x22 c:/st/stm32cubeide_1.10.1/stm32cubeide/plugins/com.st.stm32cube.ide.mcu.externaltools.gnu-tools-for-stm32.10.3-2021.10.win32_1.0.0.202111181127/tools/bin/../lib/gcc/arm-none-eabi/10.3.1/../../../../arm-none-eabi/lib/thumb/v7e-m+dp/hard\libc_nano.a(lib_a-nano-vfprintf_i.o)
 .rodata._dtoa_r.str1.1
                0x000000000800c658       0x90 c:/st/stm32cubeide_1.10.1/stm32cubeide/plugins/com.st.stm32cube.ide.mcu.externaltools.gnu-tools-for-stm32.10.3-2021.10.win32_1.0.0.202111181127/tools/bin/../lib/gcc/arm-none-eabi/10.3.1/../../../../arm-none-eabi/lib/thumb/v7e-m+dp/hard\libc_nano.a(lib_a-dtoa.o)
                                         0x92 (size before relaxing)
 .rodata.__sf_fake_stderr
                0x000000000800c6e8       0x20 c:/st/stm32cubeide_1.10.1/stm32cubeide/plugins/com.st.stm32cube.ide.mcu.externaltools.gnu-tools-for-stm32.10.3-2021.10.win32_1.0.0.202111181127/tools/bin/../lib/gcc/arm-none-eabi/10.3.1/../../../../arm-none-eabi/lib/thumb/v7e-m+dp/hard\libc_nano.a(lib_a-findfp.o)
                0x000000000800c6e8                __sf_fake_stderr
 .rodata.__sf_fake_stdin
                0x000000000800c708       0x20 c:/st/stm32cubeide_1.10.1/stm32cubeide/plugins/com.st.stm32cube.ide.mcu.externaltools.gnu-tools-for-stm32.10.3-2021.10.win32_1.0.0.202111181127/tools/bin/../lib/gcc/arm-none-eabi/10.3.1/../../../../arm-none-eabi/lib/thumb/v7e-m+dp/hard\libc_nano.a(lib_a-findfp.o)
                0x000000000800c708                __sf_fake_stdin
 .rodata.__sf_fake_stdout
                0x000000000800c728       0x20 c:/st/stm32cubeide_1.10.1/stm32cubeide/plugins/com.st.stm32cube.ide.mcu.externaltools.gnu-tools-for-stm32.10.3-2021.10.win32_1.0.0.202111181127/tools/bin/../lib/gcc/arm-none-eabi/10.3.1/../../../../arm-none-eabi/lib/thumb/v7e-m+dp/hard\libc_nano.a(lib_a-findfp.o)
                0x000000000800c728                __sf_fake_stdout
 .rodata._Balloc.str1.1
                0x000000000800c748       0x5c c:/st/stm32cubeide_1.10.1/stm32cubeide/plugins/com.st.stm32cube.ide.mcu.externaltools.gnu-tools-for-stm32.10.3-2021.10.win32_1.0.0.202111181127/tools/bin/../lib/gcc/arm-none-eabi/10.3.1/../../../../arm-none-eabi/lib/thumb/v7e-m+dp/hard\libc_nano.a(lib_a-mprec.o)
                                         0x73 (size before relaxing)
 .rodata.__multadd.str1.1
                0x000000000800c7a4       0x11 c:/st/stm32cubeide_1.10.1/stm32cubeide/plugins/com.st.stm32cube.ide.mcu.externaltools.gnu-tools-for-stm32.10.3-2021.10.win32_1.0.0.202111181127/tools/bin/../lib/gcc/arm-none-eabi/10.3.1/../../../../arm-none-eabi/lib/thumb/v7e-m+dp/hard\libc_nano.a(lib_a-mprec.o)
 *fill*         0x000000000800c7a4        0x4 
 .rodata.__mprec_bigtens
                0x000000000800c7a8       0x28 c:/st/stm32cubeide_1.10.1/stm32cubeide/plugins/com.st.stm32cube.ide.mcu.externaltools.gnu-tools-for-stm32.10.3-2021.10.win32_1.0.0.202111181127/tools/bin/../lib/gcc/arm-none-eabi/10.3.1/../../../../arm-none-eabi/lib/thumb/v7e-m+dp/hard\libc_nano.a(lib_a-mprec.o)
                0x000000000800c7a8                __mprec_bigtens
 .rodata.__mprec_tens
                0x000000000800c7d0       0xc8 c:/st/stm32cubeide_1.10.1/stm32cubeide/plugins/com.st.stm32cube.ide.mcu.externaltools.gnu-tools-for-stm32.10.3-2021.10.win32_1.0.0.202111181127/tools/bin/../lib/gcc/arm-none-eabi/10.3.1/../../../../arm-none-eabi/lib/thumb/v7e-m+dp/hard\libc_nano.a(lib_a-mprec.o)
                0x000000000800c7d0                __mprec_tens
 .rodata.p05.0  0x000000000800c898        0xc c:/st/stm32cubeide_1.10.1/stm32cubeide/plugins/com.st.stm32cube.ide.mcu.externaltools.gnu-tools-for-stm32.10.3-2021.10.win32_1.0.0.202111181127/tools/bin/../lib/gcc/arm-none-eabi/10.3.1/../../../../arm-none-eabi/lib/thumb/v7e-m+dp/hard\libc_nano.a(lib_a-mprec.o)
 .rodata._svfprintf_r.str1.1
                0x000000000800c8a4       0x11 c:/st/stm32cubeide_1.10.1/stm32cubeide/plugins/com.st.stm32cube.ide.mcu.externaltools.gnu-tools-for-stm32.10.3-2021.10.win32_1.0.0.202111181127/tools/bin/../lib/gcc/arm-none-eabi/10.3.1/../../../../arm-none-eabi/lib/thumb/v7e-m+dp/hard\libc_nano.a(lib_a-nano-svfprintf.o)
 .rodata._vfprintf_r.str1.1
                0x000000000800c8b5       0x11 c:/st/stm32cubeide_1.10.1/stm32cubeide/plugins/com.st.stm32cube.ide.mcu.externaltools.gnu-tools-for-stm32.10.3-2021.10.win32_1.0.0.202111181127/tools/bin/../lib/gcc/arm-none-eabi/10.3.1/../../../../arm-none-eabi/lib/thumb/v7e-m+dp/hard\libc_nano.a(lib_a-nano-vfprintf.o)
 .rodata.__assert_func.str1.1
                0x000000000800c8b5       0x3c c:/st/stm32cubeide_1.10.1/stm32cubeide/plugins/com.st.stm32cube.ide.mcu.externaltools.gnu-tools-for-stm32.10.3-2021.10.win32_1.0.0.202111181127/tools/bin/../lib/gcc/arm-none-eabi/10.3.1/../../../../arm-none-eabi/lib/thumb/v7e-m+dp/hard\libc_nano.a(lib_a-assert.o)
                                         0x3d (size before relaxing)
 .rodata._setlocale_r.str1.1
                0x000000000800c8f1        0x8 c:/st/stm32cubeide_1.10.1/stm32cubeide/plugins/com.st.stm32cube.ide.mcu.externaltools.gnu-tools-for-stm32.10.3-2021.10.win32_1.0.0.202111181127/tools/bin/../lib/gcc/arm-none-eabi/10.3.1/../../../../arm-none-eabi/lib/thumb/v7e-m+dp/hard\libc_nano.a(lib_a-locale.o)
                                          0x9 (size before relaxing)
 .rodata.str1.1
                0x000000000800c8f9        0x2 c:/st/stm32cubeide_1.10.1/stm32cubeide/plugins/com.st.stm32cube.ide.mcu.externaltools.gnu-tools-for-stm32.10.3-2021.10.win32_1.0.0.202111181127/tools/bin/../lib/gcc/arm-none-eabi/10.3.1/../../../../arm-none-eabi/lib/thumb/v7e-m+dp/hard\libc_nano.a(lib_a-locale.o)
 .rodata._ctype_
                0x000000000800c8fb      0x101 c:/st/stm32cubeide_1.10.1/stm32cubeide/plugins/com.st.stm32cube.ide.mcu.externaltools.gnu-tools-for-stm32.10.3-2021.10.win32_1.0.0.202111181127/tools/bin/../lib/gcc/arm-none-eabi/10.3.1/../../../../arm-none-eabi/lib/thumb/v7e-m+dp/hard\libc_nano.a(lib_a-ctype_.o)
                0x000000000800c8fb                _ctype_
                0x000000000800c9fc                . = ALIGN (0x4)

.ARM.extab      0x000000000800c9fc        0x0
                0x000000000800c9fc                . = ALIGN (0x4)
 *(.ARM.extab* .gnu.linkonce.armextab.*)
                0x000000000800c9fc                . = ALIGN (0x4)

.ARM            0x000000000800c9fc        0x8
                0x000000000800c9fc                . = ALIGN (0x4)
                0x000000000800c9fc                __exidx_start = .
 *(.ARM.exidx*)
 .ARM.exidx     0x000000000800c9fc        0x8 c:/st/stm32cubeide_1.10.1/stm32cubeide/plugins/com.st.stm32cube.ide.mcu.externaltools.gnu-tools-for-stm32.10.3-2021.10.win32_1.0.0.202111181127/tools/bin/../lib/gcc/arm-none-eabi/10.3.1/thumb/v7e-m+dp/hard\libgcc.a(_udivmoddi4.o)
                0x000000000800ca04                __exidx_end = .
                0x000000000800ca04                . = ALIGN (0x4)

.rel.dyn        0x000000000800ca04        0x0
 .rel.iplt      0x000000000800ca04        0x0 c:/st/stm32cubeide_1.10.1/stm32cubeide/plugins/com.st.stm32cube.ide.mcu.externaltools.gnu-tools-for-stm32.10.3-2021.10.win32_1.0.0.202111181127/tools/bin/../lib/gcc/arm-none-eabi/10.3.1/thumb/v7e-m+dp/hard/crtbegin.o

.preinit_array  0x000000000800ca04        0x0
                0x000000000800ca04                . = ALIGN (0x4)
                0x000000000800ca04                PROVIDE (__preinit_array_start = .)
 *(.preinit_array*)
                0x000000000800ca04                PROVIDE (__preinit_array_end = .)
                0x000000000800ca04                . = ALIGN (0x4)

.init_array     0x000000000800ca04        0x4
                0x000000000800ca04                . = ALIGN (0x4)
                0x000000000800ca04                PROVIDE (__init_array_start = .)
 *(SORT_BY_NAME(.init_array.*))
 *(.init_array*)
 .init_array    0x000000000800ca04        0x4 c:/st/stm32cubeide_1.10.1/stm32cubeide/plugins/com.st.stm32cube.ide.mcu.externaltools.gnu-tools-for-stm32.10.3-2021.10.win32_1.0.0.202111181127/tools/bin/../lib/gcc/arm-none-eabi/10.3.1/thumb/v7e-m+dp/hard/crtbegin.o
                0x000000000800ca08                PROVIDE (__init_array_end = .)
                0x000000000800ca08                . = ALIGN (0x4)

.fini_array     0x000000000800ca08        0x4
                0x000000000800ca08                . = ALIGN (0x4)
                [!provide]                        PROVIDE (__fini_array_start = .)
 *(SORT_BY_NAME(.fini_array.*))
 *(.fini_array*)
 .fini_array    0x000000000800ca08        0x4 c:/st/stm32cubeide_1.10.1/stm32cubeide/plugins/com.st.stm32cube.ide.mcu.externaltools.gnu-tools-for-stm32.10.3-2021.10.win32_1.0.0.202111181127/tools/bin/../lib/gcc/arm-none-eabi/10.3.1/thumb/v7e-m+dp/hard/crtbegin.o
                [!provide]                        PROVIDE (__fini_array_end = .)
                0x000000000800ca0c                . = ALIGN (0x4)
                0x000000000800ca0c                _sidata = LOADADDR (.data)

.data           0x0000000024000000      0x1e8 load address 0x000000000800ca0c
                0x0000000024000000                . = ALIGN (0x4)
                0x0000000024000000                _sdata = .
 *(.data)
 *(.data*)
 .data.SystemCoreClock
                0x0000000024000000        0x4 ./Common/Src/system_stm32h7xx_dualcore_boot_cm4_cm7.o
                0x0000000024000000                SystemCoreClock
 .data.SystemD2Clock
                0x0000000024000004        0x4 ./Common/Src/system_stm32h7xx_dualcore_boot_cm4_cm7.o
                0x0000000024000004                SystemD2Clock
 .data.RxpipeAddrs
                0x0000000024000008        0x8 ./Core/Src/main.o
                0x0000000024000008                RxpipeAddrs
 .data.uwTickPrio
                0x0000000024000010        0x4 ./Drivers/STM32H7xx_HAL_Driver/stm32h7xx_hal.o
                0x0000000024000010                uwTickPrio
 .data.uwTickFreq
                0x0000000024000014        0x1 ./Drivers/STM32H7xx_HAL_Driver/stm32h7xx_hal.o
                0x0000000024000014                uwTickFreq
 *fill*         0x0000000024000015        0x3 
 .data._impure_ptr
                0x0000000024000018        0x4 c:/st/stm32cubeide_1.10.1/stm32cubeide/plugins/com.st.stm32cube.ide.mcu.externaltools.gnu-tools-for-stm32.10.3-2021.10.win32_1.0.0.202111181127/tools/bin/../lib/gcc/arm-none-eabi/10.3.1/../../../../arm-none-eabi/lib/thumb/v7e-m+dp/hard\libc_nano.a(lib_a-impure.o)
                0x0000000024000018                _impure_ptr
 .data.impure_data
                0x000000002400001c       0x60 c:/st/stm32cubeide_1.10.1/stm32cubeide/plugins/com.st.stm32cube.ide.mcu.externaltools.gnu-tools-for-stm32.10.3-2021.10.win32_1.0.0.202111181127/tools/bin/../lib/gcc/arm-none-eabi/10.3.1/../../../../arm-none-eabi/lib/thumb/v7e-m+dp/hard\libc_nano.a(lib_a-impure.o)
 .data.__global_locale
                0x000000002400007c      0x16c c:/st/stm32cubeide_1.10.1/stm32cubeide/plugins/com.st.stm32cube.ide.mcu.externaltools.gnu-tools-for-stm32.10.3-2021.10.win32_1.0.0.202111181127/tools/bin/../lib/gcc/arm-none-eabi/10.3.1/../../../../arm-none-eabi/lib/thumb/v7e-m+dp/hard\libc_nano.a(lib_a-locale.o)
                0x000000002400007c                __global_locale
 *(.RamFunc)
 *(.RamFunc*)
                0x00000000240001e8                . = ALIGN (0x4)
                0x00000000240001e8                _edata = .

.igot.plt       0x00000000240001e8        0x0 load address 0x000000000800cbf4
 .igot.plt      0x00000000240001e8        0x0 c:/st/stm32cubeide_1.10.1/stm32cubeide/plugins/com.st.stm32cube.ide.mcu.externaltools.gnu-tools-for-stm32.10.3-2021.10.win32_1.0.0.202111181127/tools/bin/../lib/gcc/arm-none-eabi/10.3.1/thumb/v7e-m+dp/hard/crtbegin.o
                0x00000000240001e8                . = ALIGN (0x4)

.bss            0x00000000240001e8      0x450 load address 0x000000000800cbf4
                0x00000000240001e8                _sbss = .
                0x00000000240001e8                __bss_start__ = _sbss
 *(.bss)
 .bss           0x00000000240001e8       0x1c c:/st/stm32cubeide_1.10.1/stm32cubeide/plugins/com.st.stm32cube.ide.mcu.externaltools.gnu-tools-for-stm32.10.3-2021.10.win32_1.0.0.202111181127/tools/bin/../lib/gcc/arm-none-eabi/10.3.1/thumb/v7e-m+dp/hard/crtbegin.o
 *(.bss*)
 *fill*         0x0000000024000204        0x4 
 .bss.pipe0_reading_address
                0x0000000024000208        0x8 ./Core/Src/MY_NRF24.o
 .bss.payload_size
                0x0000000024000210        0x1 ./Core/Src/MY_NRF24.o
 .bss.dynamic_payloads_enabled
                0x0000000024000211        0x1 ./Core/Src/MY_NRF24.o
 .bss.wide_band
                0x0000000024000212        0x1 ./Core/Src/MY_NRF24.o
 *fill*         0x0000000024000213        0x1 
 .bss.nrf24_PORT
                0x0000000024000214        0x4 ./Core/Src/MY_NRF24.o
 .bss.nrf24_CSN_PIN
                0x0000000024000218        0x2 ./Core/Src/MY_NRF24.o
 .bss.nrf24_CE_PIN
                0x000000002400021a        0x2 ./Core/Src/MY_NRF24.o
 .bss.nrf24_hspi
                0x000000002400021c       0x88 ./Core/Src/MY_NRF24.o
 .bss.nrf24_huart
                0x00000000240002a4       0x90 ./Core/Src/MY_NRF24.o
 .bss.hfdcan1   0x0000000024000334       0xa0 ./Core/Src/main.o
                0x0000000024000334                hfdcan1
 .bss.hi2c4     0x00000000240003d4       0x4c ./Core/Src/main.o
                0x00000000240003d4                hi2c4
 .bss.hspi5     0x0000000024000420       0x88 ./Core/Src/main.o
                0x0000000024000420                hspi5
 .bss.htim15    0x00000000240004a8       0x4c ./Core/Src/main.o
                0x00000000240004a8                htim15
 .bss.htim16    0x00000000240004f4       0x4c ./Core/Src/main.o
                0x00000000240004f4                htim16
 .bss.huart3    0x0000000024000540       0x90 ./Core/Src/main.o
                0x0000000024000540                huart3
 .bss.sFilterConfig
                0x00000000240005d0       0x20 ./Core/Src/main.o
                0x00000000240005d0                sFilterConfig
 .bss.TxHeader  0x00000000240005f0       0x24 ./Core/Src/main.o
                0x00000000240005f0                TxHeader
 *fill*         0x0000000024000614        0x4 
 .bss.cntMilisec
                0x0000000024000618        0x8 ./Core/Src/main.o
                0x0000000024000618                cntMilisec
 .bss.__sbrk_heap_end
                0x0000000024000620        0x4 ./Core/Src/sysmem.o
 .bss.uwTick    0x0000000024000624        0x4 ./Drivers/STM32H7xx_HAL_Driver/stm32h7xx_hal.o
                0x0000000024000624                uwTick
 .bss.__lock___malloc_recursive_mutex
                0x0000000024000628        0x1 c:/st/stm32cubeide_1.10.1/stm32cubeide/plugins/com.st.stm32cube.ide.mcu.externaltools.gnu-tools-for-stm32.10.3-2021.10.win32_1.0.0.202111181127/tools/bin/../lib/gcc/arm-none-eabi/10.3.1/../../../../arm-none-eabi/lib/thumb/v7e-m+dp/hard\libc_nano.a(lib_a-lock.o)
                0x0000000024000628                __lock___malloc_recursive_mutex
 .bss.__lock___sfp_recursive_mutex
                0x0000000024000629        0x1 c:/st/stm32cubeide_1.10.1/stm32cubeide/plugins/com.st.stm32cube.ide.mcu.externaltools.gnu-tools-for-stm32.10.3-2021.10.win32_1.0.0.202111181127/tools/bin/../lib/gcc/arm-none-eabi/10.3.1/../../../../arm-none-eabi/lib/thumb/v7e-m+dp/hard\libc_nano.a(lib_a-lock.o)
                0x0000000024000629                __lock___sfp_recursive_mutex
 .bss.__lock___sinit_recursive_mutex
                0x000000002400062a        0x1 c:/st/stm32cubeide_1.10.1/stm32cubeide/plugins/com.st.stm32cube.ide.mcu.externaltools.gnu-tools-for-stm32.10.3-2021.10.win32_1.0.0.202111181127/tools/bin/../lib/gcc/arm-none-eabi/10.3.1/../../../../arm-none-eabi/lib/thumb/v7e-m+dp/hard\libc_nano.a(lib_a-lock.o)
                0x000000002400062a                __lock___sinit_recursive_mutex
 *fill*         0x000000002400062b        0x1 
 .bss.__malloc_free_list
                0x000000002400062c        0x4 c:/st/stm32cubeide_1.10.1/stm32cubeide/plugins/com.st.stm32cube.ide.mcu.externaltools.gnu-tools-for-stm32.10.3-2021.10.win32_1.0.0.202111181127/tools/bin/../lib/gcc/arm-none-eabi/10.3.1/../../../../arm-none-eabi/lib/thumb/v7e-m+dp/hard\libc_nano.a(lib_a-nano-mallocr.o)
                0x000000002400062c                __malloc_free_list
 .bss.__malloc_sbrk_start