../Core/Src/main.c:112:5:main	336	static
../Core/Src/main.c:337:6:SystemClock_Config	120	static
../Core/Src/main.c:402:13:MX_FDCAN1_Init	16	static
../Core/Src/main.c:488:13:MX_I2C4_Init	8	static
../Core/Src/main.c:536:13:MX_SPI5_Init	8	static
../Core/Src/main.c:584:13:MX_TIM12_Init	24	static
../Core/Src/main.c:622:13:MX_TIM15_Init	96	static
../Core/Src/main.c:688:13:MX_TIM16_Init	80	static
../Core/Src/main.c:751:13:MX_USART3_UART_Init	8	static
../Core/Src/main.c:799:13:MX_GPIO_Init	56	static
../Core/Src/main.c:858:6:Error_Handler	4	static,ignoring_inline_asm
