../Core/Src/main.c:96:5:main	168	static
../Core/Src/main.c:296:6:SystemClock_Config	120	static
../Core/Src/main.c:361:13:MX_FDCAN1_Init	16	static
../Core/Src/main.c:447:13:MX_I2C4_Init	8	static
../Core/Src/main.c:495:13:MX_SPI5_Init	8	static
../Core/Src/main.c:543:13:MX_TIM15_Init	96	static
../Core/Src/main.c:609:6:MX_TIM16_Init	80	static
../Core/Src/main.c:671:13:MX_USART3_UART_Init	8	static
../Core/Src/main.c:719:13:MX_GPIO_Init	56	static
../Core/Src/main.c:777:6:Error_Handler	4	static,ignoring_inline_asm
