../Core/Src/steering.c:28:10:PathHardCodeUpdateState	88	static
../Core/Src/steering.c:98:6:initServoTim	8	static
../Core/Src/steering.c:108:6:initESCTim	8	static
../Core/Src/steering.c:118:6:setServoAngle	24	static
../Core/Src/steering.c:127:6:setEscSpeed	16	static
../Core/Src/steering.c:133:6:stopCar	8	static
../Core/Src/steering.c:138:6:testingServoLimits	8	static
../Core/Src/steering.c:153:6:testingESCLimits	8	static
../Core/Src/steering.c:173:6:alignCarToAngle	16	static
../Core/Src/steering.c:191:6:hardCodedPath	24	static
