../Core/Src/steering.c:28:10:PathHardCodeUpdateState	88	static
../Core/Src/steering.c:99:6:initServoTim	8	static
../Core/Src/steering.c:109:6:initESCTim	8	static
../Core/Src/steering.c:119:6:setServoAngle	24	static
../Core/Src/steering.c:128:6:setEscSpeed	16	static
../Core/Src/steering.c:134:6:stopCar	8	static
../Core/Src/steering.c:139:6:testingServoLimits	8	static
../Core/Src/steering.c:154:6:testingESCLimits	8	static
../Core/Src/steering.c:174:6:alignCarToAngle	16	static
../Core/Src/steering.c:192:6:hardCodedPath	24	static
